<html>
<body>
<pre>
<h1>礦ision Build Log</h1>
<h2>Tool Versions:</h2>
IDE-Version: μVision V5.38.0.0
Copyright (C) 2022 ARM Ltd and ARM Germany GmbH. All rights reserved.
License Information: wang xxx, xxx, LIC=76F5U-S4EQH-56QQ2-9J9RM-5MI3A-PF9D1
 
Tool Versions:
Toolchain:       MDK-ARM Plus  Version: 5.38.0.0
Toolchain Path:  C:\Keil_v5\ARM\02_arm5_compiler\Bin
C Compiler:      Armcc.exe V5.06 update 7 (build 960)
Assembler:       Armasm.exe V5.06 update 7 (build 960)
Linker/Locator:  ArmLink.exe V5.06 update 7 (build 960)
Library Manager: ArmAr.exe V5.06 update 7 (build 960)
Hex Converter:   FromElf.exe V5.06 update 7 (build 960)
CPU DLL:         SARMCM3.DLL V5.38.0.0
Dialog DLL:      DCM.DLL V1.17.5.0
Target DLL:      STLink\ST-LINKIII-KEIL_SWO.dll V3.1.0.0
Dialog DLL:      TCM.DLL V1.56.4.0
 
<h2>Project:</h2>
c:\1stm32\15_尚硅谷嵌入式项目之平衡车\03_代码\mine\car_register.uvprojx
Project File Date:  03/28/2024

<h2>Output:</h2>
*** Using Compiler 'V5.06 update 7 (build 960)', folder: 'C:\Keil_v5\ARM\02_arm5_compiler\Bin'
Rebuild target 'Target 1'
assembling startup_stm32f10x_md.s...
compiling list.c...
compiling croutine.c...
compiling event_groups.c...
compiling core_cm3.c...
compiling system_stm32f10x.c...
compiling main.c...
compiling queue.c...
compiling timers.c...
compiling stream_buffer.c...
compiling heap_4.c...
compiling tasks.c...
compiling Inf_LED.c...
compiling port.c...
compiling Dri_SPI.c...
compiling Dri_I2C.c...
compiling Dri_TIM.c...
compiling Inf_OLED1315.c...
compiling Inf_TB6612.c...
compiling App_Task.c...
compiling App_Car.c...
compiling Com_Filter.c...
compiling Driver_Usart.c...
compiling Int_Encoder.c...
compiling Inf_MPU6050.c...
Inf\MPU6050\Inf_MPU6050.c(180): warning:  #940-D: missing return statement at end of non-void function "Inf_MPU6050_GetAccl" 
  }
Inf\MPU6050\Inf_MPU6050.c(205): warning:  #940-D: missing return statement at end of non-void function "Inf_MPU6050_GetGyro" 
  }
Inf\MPU6050\Inf_MPU6050.c: 2 warnings, 0 errors
linking...
Program Size: Code=10364 RO-data=8124 RW-data=156 ZI-data=2932  
FromELF: creating hex file...
".\Objects\car_register.axf" - 0 Error(s), 2 Warning(s).

<h2>Software Packages used:</h2>

Package Vendor: Keil
                https://www.keil.com/pack/Keil.STM32F1xx_DFP.2.4.1.pack
                Keil.STM32F1xx_DFP.2.4.1
                STMicroelectronics STM32F1 Series Device Support, Drivers and Examples

<h2>Collection of Component include folders:</h2>
  C:/Users/admin/AppData/Local/Arm/Packs/Keil/STM32F1xx_DFP/2.4.1/Device/Include

<h2>Collection of Component Files used:</h2>
Build Time Elapsed:  00:00:03
</pre>
</body>
</html>
