Component: ARM Compiler 5.06 update 7 (build 960) Tool: armlink [4d3601]

==============================================================================

Section Cross References

    system_stm32f10x.o(i.SetSysClock) refers to system_stm32f10x.o(i.SetSysClockTo72) for SetSysClockTo72
    system_stm32f10x.o(i.SystemCoreClockUpdate) refers to system_stm32f10x.o(.data) for SystemCoreClock
    system_stm32f10x.o(i.SystemInit) refers to system_stm32f10x.o(i.SetSysClock) for SetSysClock
    startup_stm32f10x_md.o(RESET) refers to startup_stm32f10x_md.o(STACK) for __initial_sp
    startup_stm32f10x_md.o(RESET) refers to startup_stm32f10x_md.o(.text) for Reset_Handler
    startup_stm32f10x_md.o(RESET) refers to port.o(.emb_text) for SVC_Handler
    startup_stm32f10x_md.o(RESET) refers to app_task.o(i.SysTick_Handler) for SysTick_Handler
    startup_stm32f10x_md.o(.text) refers to system_stm32f10x.o(i.SystemInit) for SystemInit
    startup_stm32f10x_md.o(.text) refers to entry.o(.ARM.Collect$$$$00000000) for __main
    main.o(i.main) refers to app_car.o(i.App_Car_Init) for App_Car_Init
    main.o(i.main) refers to printfa.o(i.__0printf) for __2printf
    main.o(i.main) refers to inf_oled1315.o(i.Inf_OLED1315_Clear) for Inf_OLED1315_Clear
    main.o(i.main) refers to inf_oled1315.o(i.Inf_OLED1315_ShowString) for Inf_OLED1315_ShowString
    main.o(i.main) refers to inf_oled1315.o(i.Inf_OLED1315_Refresh) for Inf_OLED1315_Refresh
    main.o(i.main) refers to app_task.o(i.FreeRTOS_Start) for FreeRTOS_Start
    event_groups.o(i.vEventGroupClearBitsCallback) refers to event_groups.o(i.xEventGroupClearBits) for xEventGroupClearBits
    event_groups.o(i.vEventGroupDelete) refers to tasks.o(i.vTaskSuspendAll) for vTaskSuspendAll
    event_groups.o(i.vEventGroupDelete) refers to tasks.o(i.vTaskRemoveFromUnorderedEventList) for vTaskRemoveFromUnorderedEventList
    event_groups.o(i.vEventGroupDelete) refers to tasks.o(i.xTaskResumeAll) for xTaskResumeAll
    event_groups.o(i.vEventGroupDelete) refers to heap_4.o(i.vPortFree) for vPortFree
    event_groups.o(i.vEventGroupSetBitsCallback) refers to event_groups.o(i.xEventGroupSetBits) for xEventGroupSetBits
    event_groups.o(i.xEventGroupClearBits) refers to port.o(i.vPortEnterCritical) for vPortEnterCritical
    event_groups.o(i.xEventGroupClearBits) refers to port.o(i.vPortExitCritical) for vPortExitCritical
    event_groups.o(i.xEventGroupCreate) refers to heap_4.o(i.pvPortMalloc) for pvPortMalloc
    event_groups.o(i.xEventGroupCreate) refers to list.o(i.vListInitialise) for vListInitialise
    event_groups.o(i.xEventGroupSetBits) refers to tasks.o(i.vTaskSuspendAll) for vTaskSuspendAll
    event_groups.o(i.xEventGroupSetBits) refers to tasks.o(i.vTaskRemoveFromUnorderedEventList) for vTaskRemoveFromUnorderedEventList
    event_groups.o(i.xEventGroupSetBits) refers to tasks.o(i.xTaskResumeAll) for xTaskResumeAll
    event_groups.o(i.xEventGroupSync) refers to tasks.o(i.vTaskSuspendAll) for vTaskSuspendAll
    event_groups.o(i.xEventGroupSync) refers to event_groups.o(i.xEventGroupSetBits) for xEventGroupSetBits
    event_groups.o(i.xEventGroupSync) refers to tasks.o(i.vTaskPlaceOnUnorderedEventList) for vTaskPlaceOnUnorderedEventList
    event_groups.o(i.xEventGroupSync) refers to tasks.o(i.xTaskResumeAll) for xTaskResumeAll
    event_groups.o(i.xEventGroupSync) refers to tasks.o(i.uxTaskResetEventItemValue) for uxTaskResetEventItemValue
    event_groups.o(i.xEventGroupSync) refers to port.o(i.vPortEnterCritical) for vPortEnterCritical
    event_groups.o(i.xEventGroupSync) refers to port.o(i.vPortExitCritical) for vPortExitCritical
    event_groups.o(i.xEventGroupWaitBits) refers to tasks.o(i.vTaskSuspendAll) for vTaskSuspendAll
    event_groups.o(i.xEventGroupWaitBits) refers to event_groups.o(i.prvTestWaitCondition) for prvTestWaitCondition
    event_groups.o(i.xEventGroupWaitBits) refers to tasks.o(i.vTaskPlaceOnUnorderedEventList) for vTaskPlaceOnUnorderedEventList
    event_groups.o(i.xEventGroupWaitBits) refers to tasks.o(i.xTaskResumeAll) for xTaskResumeAll
    event_groups.o(i.xEventGroupWaitBits) refers to tasks.o(i.uxTaskResetEventItemValue) for uxTaskResetEventItemValue
    event_groups.o(i.xEventGroupWaitBits) refers to port.o(i.vPortEnterCritical) for vPortEnterCritical
    event_groups.o(i.xEventGroupWaitBits) refers to port.o(i.vPortExitCritical) for vPortExitCritical
    queue.o(i.prvCopyDataFromQueue) refers to memcpya.o(.text) for __aeabi_memcpy
    queue.o(i.prvCopyDataToQueue) refers to memcpya.o(.text) for __aeabi_memcpy
    queue.o(i.prvInitialiseNewQueue) refers to queue.o(i.xQueueGenericReset) for xQueueGenericReset
    queue.o(i.prvIsQueueEmpty) refers to port.o(i.vPortEnterCritical) for vPortEnterCritical
    queue.o(i.prvIsQueueEmpty) refers to port.o(i.vPortExitCritical) for vPortExitCritical
    queue.o(i.prvIsQueueFull) refers to port.o(i.vPortEnterCritical) for vPortEnterCritical
[...]
    Removing stream_buffer.o(i.xStreamBufferNextMessageLengthBytes), (52 bytes).
    Removing stream_buffer.o(i.xStreamBufferReceive), (176 bytes).
    Removing stream_buffer.o(i.xStreamBufferReceiveCompletedFromISR), (80 bytes).
    Removing stream_buffer.o(i.xStreamBufferReceiveFromISR), (132 bytes).
    Removing stream_buffer.o(i.xStreamBufferReset), (56 bytes).
    Removing stream_buffer.o(i.xStreamBufferSend), (226 bytes).
    Removing stream_buffer.o(i.xStreamBufferSendCompletedFromISR), (80 bytes).
    Removing stream_buffer.o(i.xStreamBufferSendFromISR), (134 bytes).
    Removing stream_buffer.o(i.xStreamBufferSetTriggerLevel), (26 bytes).
    Removing stream_buffer.o(i.xStreamBufferSpacesAvailable), (40 bytes).
    Removing tasks.o(i.pcTaskGetName), (24 bytes).
    Removing tasks.o(i.prvTaskIsTaskSuspended), (64 bytes).
    Removing tasks.o(i.ulTaskGenericNotifyValueClear), (64 bytes).
    Removing tasks.o(i.uxTaskGetNumberOfTasks), (12 bytes).
    Removing tasks.o(i.uxTaskPriorityGet), (36 bytes).
    Removing tasks.o(i.uxTaskPriorityGetFromISR), (56 bytes).
    Removing tasks.o(i.uxTaskResetEventItemValue), (28 bytes).
    Removing tasks.o(i.vTaskDelay), (52 bytes).
    Removing tasks.o(i.vTaskEndScheduler), (36 bytes).
    Removing tasks.o(i.vTaskGenericNotifyGiveFromISR), (336 bytes).
    Removing tasks.o(i.vTaskInternalSetTimeOutState), (24 bytes).
    Removing tasks.o(i.vTaskMissedYield), (12 bytes).
    Removing tasks.o(i.vTaskPlaceOnEventList), (32 bytes).
    Removing tasks.o(i.vTaskPlaceOnUnorderedEventList), (80 bytes).
    Removing tasks.o(i.vTaskPrioritySet), (284 bytes).
    Removing tasks.o(i.vTaskRemoveFromUnorderedEventList), (208 bytes).
    Removing tasks.o(i.vTaskResume), (172 bytes).
    Removing tasks.o(i.vTaskSetTimeOutState), (36 bytes).
    Removing tasks.o(i.vTaskSuspend), (216 bytes).
    Removing tasks.o(i.xTaskCatchUpTicks), (40 bytes).
    Removing tasks.o(i.xTaskCheckForTimeOut), (96 bytes).
    Removing tasks.o(i.xTaskGenericNotifyFromISR), (504 bytes).
    Removing tasks.o(i.xTaskGenericNotifyStateClear), (64 bytes).
    Removing tasks.o(i.xTaskGenericNotifyWait), (172 bytes).
    Removing tasks.o(i.xTaskGetCurrentTaskHandle), (12 bytes).
    Removing tasks.o(i.xTaskGetTickCountFromISR), (12 bytes).
    Removing tasks.o(i.xTaskRemoveFromEventList), (264 bytes).
    Removing tasks.o(i.xTaskResumeFromISR), (216 bytes).
    Removing heap_4.o(i.pvPortCalloc), (54 bytes).
    Removing heap_4.o(i.vPortGetHeapStats), (128 bytes).
    Removing heap_4.o(i.vPortInitialiseBlocks), (2 bytes).
    Removing heap_4.o(i.xPortGetFreeHeapSize), (12 bytes).
    Removing heap_4.o(i.xPortGetMinimumEverFreeHeapSize), (12 bytes).
    Removing port.o(i.vPortEndScheduler), (2 bytes).
    Removing dri_tim.o(i.Dri_TIM2_Init), (228 bytes).
    Removing dri_tim.o(i.Dri_TIM3_Init), (252 bytes).
    Removing inf_oled1315.o(i.Inf_OLED1315_DisPlay_Off), (28 bytes).
    Removing inf_oled1315.o(i.Inf_OLED1315_DisPlay_On), (28 bytes).
    Removing driver_usart.o(i.Driver_USART1_ReceiveChar), (28 bytes).
    Removing driver_usart.o(i.Driver_USART1_ReceiveString), (52 bytes).
    Removing driver_usart.o(i.Driver_USART1_SendStr), (28 bytes).
    Removing int_encoder.o(i.Int_Encoder_Init), (12 bytes).
    Removing int_encoder.o(i.Int_Encoder_ReadCounter), (56 bytes).
    Removing inf_mpu6050.o(i.Inf_MPU6050_WriteStr), (54 bytes).

101 unused section(s) (total 9424 bytes) removed from the image.

==============================================================================

Image Symbol Table

    Local Symbols

    Symbol Name                              Value     Ov Type        Size  Object(Section)

    ../clib/../cmprslib/zerorunl.c           0x00000000   Number         0  __dczerorl.o ABSOLUTE
    ../clib/microlib/division.c              0x00000000   Number         0  uldiv.o ABSOLUTE
    ../clib/microlib/division.c              0x00000000   Number         0  uidiv.o ABSOLUTE
    ../clib/microlib/errno.c                 0x00000000   Number         0  errno.o ABSOLUTE
    ../clib/microlib/init/entry.s            0x00000000   Number         0  entry7a.o ABSOLUTE
    ../clib/microlib/init/entry.s            0x00000000   Number         0  entry8b.o ABSOLUTE
    ../clib/microlib/init/entry.s            0x00000000   Number         0  entry9a.o ABSOLUTE
    ../clib/microlib/init/entry.s            0x00000000   Number         0  entry9b.o ABSOLUTE
    ../clib/microlib/init/entry.s            0x00000000   Number         0  entry10a.o ABSOLUTE
    ../clib/microlib/init/entry.s            0x00000000   Number         0  entry11b.o ABSOLUTE
    ../clib/microlib/init/entry.s            0x00000000   Number         0  entry12b.o ABSOLUTE
    ../clib/microlib/init/entry.s            0x00000000   Number         0  entry11a.o ABSOLUTE
    ../clib/microlib/init/entry.s            0x00000000   Number         0  entry2.o ABSOLUTE
    ../clib/microlib/init/entry.s            0x00000000   Number         0  entry5.o ABSOLUTE
    ../clib/microlib/init/entry.s            0x00000000   Number         0  entry10b.o ABSOLUTE
    ../clib/microlib/init/entry.s            0x00000000   Number         0  entry7b.o ABSOLUTE
    ../clib/microlib/init/entry.s            0x00000000   Number         0  entry.o ABSOLUTE
    ../clib/microlib/init/entry.s            0x00000000   Number         0  entry8a.o ABSOLUTE
    ../clib/microlib/init/entry.s            0x00000000   Number         0  entry12a.o ABSOLUTE
    ../clib/microlib/longlong.c              0x00000000   Number         0  llsshr.o ABSOLUTE
    ../clib/microlib/longlong.c              0x00000000   Number         0  llushr.o ABSOLUTE
    ../clib/microlib/longlong.c              0x00000000   Number         0  llshl.o ABSOLUTE
    ../clib/microlib/printf/printf.c         0x00000000   Number         0  printf2.o ABSOLUTE
    ../clib/microlib/printf/printf.c         0x00000000   Number         0  printf1.o ABSOLUTE
    ../clib/microlib/printf/printf.c         0x00000000   Number         0  printf7.o ABSOLUTE
    ../clib/microlib/printf/printf.c         0x00000000   Number         0  printfb.o ABSOLUTE
    ../clib/microlib/printf/printf.c         0x00000000   Number         0  printf0.o ABSOLUTE
    ../clib/microlib/printf/printf.c         0x00000000   Number         0  printf8.o ABSOLUTE
    ../clib/microlib/printf/printf.c         0x00000000   Number         0  printf5.o ABSOLUTE
    ../clib/microlib/printf/printf.c         0x00000000   Number         0  printfa.o ABSOLUTE
    ../clib/microlib/printf/printf.c         0x00000000   Number         0  printf6.o ABSOLUTE
    ../clib/microlib/printf/printf.c         0x00000000   Number         0  printf4.o ABSOLUTE
    ../clib/microlib/printf/printf.c         0x00000000   Number         0  printf3.o ABSOLUTE
    ../clib/microlib/printf/stubs.s          0x00000000   Number         0  stubs.o ABSOLUTE
    ../clib/microlib/stdio/streams.c         0x00000000   Number         0  stdout.o ABSOLUTE
    ../clib/microlib/string/memcpy.c         0x00000000   Number         0  memcpyb.o ABSOLUTE
    ../clib/microlib/string/memcpy.c         0x00000000   Number         0  memcpya.o ABSOLUTE
    ../clib/microlib/string/memset.c         0x00000000   Number         0  memseta.o ABSOLUTE
    ../clib/microlib/stubs.s                 0x00000000   Number         0  iusefp.o ABSOLUTE
    ../fplib/microlib/d2f.c                  0x00000000   Number         0  d2f.o ABSOLUTE
    ../fplib/microlib/f2d.c                  0x00000000   Number         0  f2d.o ABSOLUTE
    ../fplib/microlib/fpadd.c                0x00000000   Number         0  dadd.o ABSOLUTE
    ../fplib/microlib/fpadd.c                0x00000000   Number         0  fadd.o ABSOLUTE
    ../fplib/microlib/fpdiv.c                0x00000000   Number         0  fdiv.o ABSOLUTE
    ../fplib/microlib/fpdiv.c                0x00000000   Number         0  ddiv.o ABSOLUTE
    ../fplib/microlib/fpepilogue.c           0x00000000   Number         0  depilogue.o ABSOLUTE
    ../fplib/microlib/fpepilogue.c           0x00000000   Number         0  fepilogue.o ABSOLUTE
    ../fplib/microlib/fpfix.c                0x00000000   Number         0  ffixi.o ABSOLUTE
    ../fplib/microlib/fpfix.c                0x00000000   Number         0  dfixi.o ABSOLUTE
    ../fplib/microlib/fpfix.c                0x00000000   Number         0  dfixul.o ABSOLUTE
    ../fplib/microlib/fpflt.c                0x00000000   Number         0  dfltui.o ABSOLUTE
    ../fplib/microlib/fpflt.c                0x00000000   Number         0  dflti.o ABSOLUTE
    ../fplib/microlib/fpflt.c                0x00000000   Number         0  ffltui.o ABSOLUTE
    ../fplib/microlib/fpflt.c                0x00000000   Number         0  fflti.o ABSOLUTE
    ../fplib/microlib/fpmul.c                0x00000000   Number         0  dmul.o ABSOLUTE
    ../fplib/microlib/fpmul.c                0x00000000   Number         0  fmul.o ABSOLUTE
    ../fplib/microlib/fpscalb.c              0x00000000   Number         0  dscalb.o ABSOLUTE
    ../mathlib/atan.c                        0x00000000   Number         0  atan_x.o ABSOLUTE
    ../mathlib/atan.c                        0x00000000   Number         0  atan.o ABSOLUTE
    ../mathlib/atan2.c                       0x00000000   Number         0  atan2.o ABSOLUTE
    ../mathlib/atan2.c                       0x00000000   Number         0  atan2_x.o ABSOLUTE
    ../mathlib/dunder.c                      0x00000000   Number         0  dunder.o ABSOLUTE
    ../mathlib/fpclassify.c                  0x00000000   Number         0  fpclassify.o ABSOLUTE
    ../mathlib/poly.c                        0x00000000   Number         0  poly.o ABSOLUTE
    ../mathlib/qnan.c                        0x00000000   Number         0  qnan.o ABSOLUTE
    App\App_Car.c                            0x00000000   Number         0  app_car.o ABSOLUTE
    App\App_Task.c                           0x00000000   Number         0  app_task.o ABSOLUTE
    Com\Com_Filter.c                         0x00000000   Number         0  com_filter.o ABSOLUTE
    Com\Com_PID.c                            0x00000000   Number         0  com_pid.o ABSOLUTE
    Dri\Dri_ADC.c                            0x00000000   Number         0  dri_adc.o ABSOLUTE
    Dri\Dri_I2C.c                            0x00000000   Number         0  dri_i2c.o ABSOLUTE
    Dri\Dri_SPI.c                            0x00000000   Number         0  dri_spi.o ABSOLUTE
    Dri\Dri_TIM.c                            0x00000000   Number         0  dri_tim.o ABSOLUTE
    Dri\Usart\Driver_Usart.c                 0x00000000   Number         0  driver_usart.o ABSOLUTE
    Inf\Encoder\Int_Encoder.c                0x00000000   Number         0  int_encoder.o ABSOLUTE
    Inf\Inf_LED.c                            0x00000000   Number         0  inf_led.o ABSOLUTE
    Inf\Inf_OLED1315.c                       0x00000000   Number         0  inf_oled1315.o ABSOLUTE
    Inf\Inf_TB6612.c                         0x00000000   Number         0  inf_tb6612.o ABSOLUTE
    Inf\MPU6050\Inf_MPU6050.c                0x00000000   Number         0  inf_mpu6050.o ABSOLUTE
    Mid\FreeRTOS\portable\heap_4.c           0x00000000   Number         0  heap_4.o ABSOLUTE
    Mid\FreeRTOS\portable\port.c             0x00000000   Number         0  port.o ABSOLUTE
    Mid\FreeRTOS\source\croutine.c           0x00000000   Number         0  croutine.o ABSOLUTE
    Mid\FreeRTOS\source\event_groups.c       0x00000000   Number         0  event_groups.o ABSOLUTE
    Mid\FreeRTOS\source\list.c               0x00000000   Number         0  list.o ABSOLUTE
    Mid\FreeRTOS\source\queue.c              0x00000000   Number         0  queue.o ABSOLUTE
    Mid\FreeRTOS\source\stream_buffer.c      0x00000000   Number         0  stream_buffer.o ABSOLUTE
    Mid\FreeRTOS\source\tasks.c              0x00000000   Number         0  tasks.o ABSOLUTE
    Mid\FreeRTOS\source\timers.c             0x00000000   Number         0  timers.o ABSOLUTE
    Mid\\FreeRTOS\\portable\\port.c          0x00000000   Number         0  port.o ABSOLUTE
    Start\\core_cm3.c                        0x00000000   Number         0  core_cm3.o ABSOLUTE
    Start\core_cm3.c                         0x00000000   Number         0  core_cm3.o ABSOLUTE
    Start\startup_stm32f10x_md.s             0x00000000   Number         0  startup_stm32f10x_md.o ABSOLUTE
    Start\system_stm32f10x.c                 0x00000000   Number         0  system_stm32f10x.o ABSOLUTE
    User\main.c                              0x00000000   Number         0  main.o ABSOLUTE
    cdcmple.s                                0x00000000   Number         0  cdcmple.o ABSOLUTE
    cdrcmple.s                               0x00000000   Number         0  cdrcmple.o ABSOLUTE
    dc.s                                     0x00000000   Number         0  dc.o ABSOLUTE
    handlers.s                               0x00000000   Number         0  handlers.o ABSOLUTE
    init.s                                   0x00000000   Number         0  init.o ABSOLUTE
    RESET                                    0x08000000   Section      236  startup_stm32f10x_md.o(RESET)
    .ARM.Collect$$$$00000000                 0x080000ec   Section        0  entry.o(.ARM.Collect$$$$00000000)
    .ARM.Collect$$$$00000001                 0x080000ec   Section        4  entry2.o(.ARM.Collect$$$$00000001)
    .ARM.Collect$$$$00000004                 0x080000f0   Section        4  entry5.o(.ARM.Collect$$$$00000004)
    .ARM.Collect$$$$00000008                 0x080000f4   Section        0  entry7b.o(.ARM.Collect$$$$00000008)
    .ARM.Collect$$$$0000000A                 0x080000f4   Section        0  entry8b.o(.ARM.Collect$$$$0000000A)
    .ARM.Collect$$$$0000000B                 0x080000f4   Section        8  entry9a.o(.ARM.Collect$$$$0000000B)
    .ARM.Collect$$$$0000000E                 0x080000fc   Section        4  entry12b.o(.ARM.Collect$$$$0000000E)
    .ARM.Collect$$$$0000000F                 0x08000100   Section        0  entry10a.o(.ARM.Collect$$$$0000000F)
    .ARM.Collect$$$$00000011                 0x08000100   Section        0  entry11a.o(.ARM.Collect$$$$00000011)
    .ARM.Collect$$$$00002712                 0x08000100   Section        4  entry2.o(.ARM.Collect$$$$00002712)
    __lit__00000000                          0x08000100   Data           4  entry2.o(.ARM.Collect$$$$00002712)
    .emb_text                                0x08000104   Section      150  port.o(.emb_text)
    .text                                    0x0800019c   Section       36  startup_stm32f10x_md.o(.text)
    .text                                    0x080001c0   Section        0  memseta.o(.text)
    .text                                    0x080001e4   Section        0  fadd.o(.text)
    .text                                    0x08000294   Section        0  fmul.o(.text)
    .text                                    0x080002f8   Section        0  fdiv.o(.text)
    .text                                    0x08000374   Section        0  dadd.o(.text)
    .text                                    0x080004c2   Section        0  dmul.o(.text)
    .text                                    0x080005a6   Section        0  ddiv.o(.text)
    .text                                    0x08000684   Section        0  fflti.o(.text)
    .text                                    0x08000696   Section        0  ffltui.o(.text)
    .text                                    0x080006a0   Section        0  dflti.o(.text)
    .text                                    0x080006c2   Section        0  dfltui.o(.text)
    .text                                    0x080006dc   Section        0  ffixi.o(.text)
    .text                                    0x0800070e   Section        0  dfixi.o(.text)
    .text                                    0x0800074c   Section        0  f2d.o(.text)
    .text                                    0x08000772   Section        0  d2f.o(.text)
    .text                                    0x080007aa   Section        0  uidiv.o(.text)
    .text                                    0x080007d6   Section        0  uldiv.o(.text)
    .text                                    0x08000838   Section        0  llshl.o(.text)
    .text                                    0x08000856   Section        0  llushr.o(.text)
    .text                                    0x08000876   Section        0  llsshr.o(.text)
    .text                                    0x0800089a   Section        0  fepilogue.o(.text)
    .text                                    0x0800089a   Section        0  iusefp.o(.text)
    .text                                    0x08000908   Section        0  depilogue.o(.text)
    .text                                    0x080009c2   Section        0  dfixul.o(.text)
    .text                                    0x080009f4   Section       48  cdcmple.o(.text)
    .text                                    0x08000a24   Section       48  cdrcmple.o(.text)
    .text                                    0x08000a54   Section       36  init.o(.text)
    .text                                    0x08000a78   Section        0  dscalb.o(.text)
    .text                                    0x08000aa6   Section        0  __dczerorl.o(.text)
    i.App_Car_Control                        0x08000ae0   Section        0  app_car.o(i.App_Car_Control)
    i.App_Car_GetAngle_Encoder               0x08000b74   Section        0  app_car.o(i.App_Car_GetAngle_Encoder)
    i.App_Car_Init                           0x08000c54   Section        0  app_car.o(i.App_Car_Init)
    i.App_Car_OLED                           0x08000c6c   Section        0  app_car.o(i.App_Car_OLED)
    i.Com_Filter_Kalman                      0x08000d48   Section        0  com_filter.o(i.Com_Filter_Kalman)
    i.Com_PID_Balance                        0x08000fc0   Section        0  com_pid.o(i.Com_PID_Balance)
    i.Com_PID_Turn                           0x08001002   Section        0  com_pid.o(i.Com_PID_Turn)
    i.Com_PID_Velocity                       0x08001018   Section        0  com_pid.o(i.Com_PID_Velocity)
    i.Dri_ADC1_Init                          0x080010f0   Section        0  dri_adc.o(i.Dri_ADC1_Init)
    i.Dri_ADC1_ReadV                         0x080011f4   Section        0  dri_adc.o(i.Dri_ADC1_ReadV)
    i.Dri_I2C_ACK                            0x0800125c   Section        0  dri_i2c.o(i.Dri_I2C_ACK)
    i.Dri_I2C_Init                           0x08001270   Section        0  dri_i2c.o(i.Dri_I2C_Init)
    i.Dri_I2C_NACK                           0x080012ec   Section        0  dri_i2c.o(i.Dri_I2C_NACK)
    i.Dri_I2C_ReadByte                       0x08001300   Section        0  dri_i2c.o(i.Dri_I2C_ReadByte)
    i.Dri_I2C_SendAddr                       0x0800132c   Section        0  dri_i2c.o(i.Dri_I2C_SendAddr)
    i.Dri_I2C_Start                          0x08001360   Section        0  dri_i2c.o(i.Dri_I2C_Start)
    i.Dri_I2C_Stop                           0x08001394   Section        0  dri_i2c.o(i.Dri_I2C_Stop)
    i.Dri_I2C_Transmit                       0x080013a8   Section        0  dri_i2c.o(i.Dri_I2C_Transmit)
    i.Dri_SPI_Init                           0x080013f0   Section        0  dri_spi.o(i.Dri_SPI_Init)
    i.Dri_SPI_WriteByte                      0x08001438   Section        0  dri_spi.o(i.Dri_SPI_WriteByte)
    i.Dri_TIM4_Init                          0x0800149c   Section        0  dri_tim.o(i.Dri_TIM4_Init)
    i.Driver_USART1_Init                     0x080015b0   Section        0  driver_usart.o(i.Driver_USART1_Init)
    i.Driver_USART1_SendChar                 0x08001608   Section        0  driver_usart.o(i.Driver_USART1_SendChar)
    i.FreeRTOS_Start                         0x08001624   Section        0  app_task.o(i.FreeRTOS_Start)
    i.Inf_MPU6050_GetAccl                    0x08001654   Section        0  inf_mpu6050.o(i.Inf_MPU6050_GetAccl)
    i.Inf_MPU6050_GetGyro                    0x08001698   Section        0  inf_mpu6050.o(i.Inf_MPU6050_GetGyro)
    i.Inf_MPU6050_Init                       0x080016dc   Section        0  inf_mpu6050.o(i.Inf_MPU6050_Init)
    i.Inf_MPU6050_ReadByte                   0x08001748   Section        0  inf_mpu6050.o(i.Inf_MPU6050_ReadByte)
    i.Inf_MPU6050_ReadStr                    0x0800177a   Section        0  inf_mpu6050.o(i.Inf_MPU6050_ReadStr)
    i.Inf_MPU6050_WriteByte                  0x080017ca   Section        0  inf_mpu6050.o(i.Inf_MPU6050_WriteByte)
    i.Inf_MPU_Set_Accel_Fsr                  0x080017ee   Section        0  inf_mpu6050.o(i.Inf_MPU_Set_Accel_Fsr)
    i.Inf_MPU_Set_Gyro_Fsr                   0x080017fe   Section        0  inf_mpu6050.o(i.Inf_MPU_Set_Gyro_Fsr)
    i.Inf_MPU_Set_LPF                        0x0800180e   Section        0  inf_mpu6050.o(i.Inf_MPU_Set_LPF)
    i.Inf_MPU_Set_Rate                       0x08001848   Section        0  inf_mpu6050.o(i.Inf_MPU_Set_Rate)
    i.Inf_OLED1315_Clear                     0x08001884   Section        0  inf_oled1315.o(i.Inf_OLED1315_Clear)
    i.Inf_OLED1315_DrawPoint                 0x080018b4   Section        0  inf_oled1315.o(i.Inf_OLED1315_DrawPoint)
    i.Inf_OLED1315_Init                      0x0800192c   Section        0  inf_oled1315.o(i.Inf_OLED1315_Init)
    i.Inf_OLED1315_Refresh                   0x08001a88   Section        0  inf_oled1315.o(i.Inf_OLED1315_Refresh)
    i.Inf_OLED1315_ShowChar                  0x08001ad4   Section        0  inf_oled1315.o(i.Inf_OLED1315_ShowChar)
    i.Inf_OLED1315_ShowString                0x08001c10   Section        0  inf_oled1315.o(i.Inf_OLED1315_ShowString)
    i.Inf_OLED1315_WR_Byte                   0x08001c5c   Section        0  inf_oled1315.o(i.Inf_OLED1315_WR_Byte)
    i.Inf_TB6612_Init                        0x08001c98   Section        0  inf_tb6612.o(i.Inf_TB6612_Init)
    i.Inf_TB6612_MotorA                      0x08001cd4   Section        0  inf_tb6612.o(i.Inf_TB6612_MotorA)
    i.Inf_TB6612_MotorB                      0x08001d2c   Section        0  inf_tb6612.o(i.Inf_TB6612_MotorB)
    i.Inf_TB6612_SetPWM                      0x08001d84   Section        0  inf_tb6612.o(i.Inf_TB6612_SetPWM)
    i.SetSysClock                            0x08001dd4   Section        0  system_stm32f10x.o(i.SetSysClock)
    SetSysClock                              0x08001dd5   Thumb Code     8  system_stm32f10x.o(i.SetSysClock)
    i.SetSysClockTo72                        0x08001ddc   Section        0  system_stm32f10x.o(i.SetSysClockTo72)
    SetSysClockTo72                          0x08001ddd   Thumb Code   214  system_stm32f10x.o(i.SetSysClockTo72)
    i.Start_Task                             0x08001ebc   Section        0  app_task.o(i.Start_Task)
    i.SysTick_Handler                        0x08001f3c   Section        0  app_task.o(i.SysTick_Handler)
    i.SystemInit                             0x08001f4c   Section        0  system_stm32f10x.o(i.SystemInit)
    i.Task1                                  0x08001fac   Section        0  app_task.o(i.Task1)
    i.Task2                                  0x08001ffc   Section        0  app_task.o(i.Task2)
    i.Task3                                  0x08002038   Section        0  app_task.o(i.Task3)
    i.__0printf                              0x0800206c   Section        0  printfa.o(i.__0printf)
    i.__0sprintf                             0x0800208c   Section        0  printfa.o(i.__0sprintf)
    i.__ARM_fpclassify                       0x080020b4   Section        0  fpclassify.o(i.__ARM_fpclassify)
    i.__kernel_poly                          0x080020dc   Section        0  poly.o(i.__kernel_poly)
    i.__mathlib_dbl_infnan                   0x08002186   Section        0  dunder.o(i.__mathlib_dbl_infnan)
    i.__mathlib_dbl_infnan2                  0x0800218c   Section        0  dunder.o(i.__mathlib_dbl_infnan2)
    i.__mathlib_dbl_underflow                0x08002190   Section        0  dunder.o(i.__mathlib_dbl_underflow)
    i.__scatterload_copy                     0x080021a0   Section       14  handlers.o(i.__scatterload_copy)
    i.__scatterload_null                     0x080021ae   Section        2  handlers.o(i.__scatterload_null)
    i.__scatterload_zeroinit                 0x080021b0   Section       14  handlers.o(i.__scatterload_zeroinit)
    i.__set_errno                            0x080021c0   Section        0  errno.o(i.__set_errno)
    i._fp_digits                             0x080021cc   Section        0  printfa.o(i._fp_digits)
    _fp_digits                               0x080021cd   Thumb Code   366  printfa.o(i._fp_digits)
    i._printf_core                           0x08002350   Section        0  printfa.o(i._printf_core)
    _printf_core                             0x08002351   Thumb Code  1704  printfa.o(i._printf_core)
    i._printf_post_padding                   0x08002a04   Section        0  printfa.o(i._printf_post_padding)
    _printf_post_padding                     0x08002a05   Thumb Code    36  printfa.o(i._printf_post_padding)
    i._printf_pre_padding                    0x08002a28   Section        0  printfa.o(i._printf_pre_padding)
    _printf_pre_padding                      0x08002a29   Thumb Code    46  printfa.o(i._printf_pre_padding)
    i._sputc                                 0x08002a56   Section        0  printfa.o(i._sputc)
    _sputc                                   0x08002a57   Thumb Code    10  printfa.o(i._sputc)
    i.atan                                   0x08002a60   Section        0  atan.o(i.atan)
    i.atan2                                  0x08002c80   Section        0  atan2.o(i.atan2)
    i.for_delay_ms                           0x08002e1c   Section        0  inf_mpu6050.o(i.for_delay_ms)
    i.fputc                                  0x08002e38   Section        0  driver_usart.o(i.fputc)
    i.main                                   0x08002e48   Section        0  main.o(i.main)
    i.prvAddCurrentTaskToDelayedList         0x08002ee0   Section        0  tasks.o(i.prvAddCurrentTaskToDelayedList)
    prvAddCurrentTaskToDelayedList           0x08002ee1   Thumb Code   164  tasks.o(i.prvAddCurrentTaskToDelayedList)
    i.prvAddNewTaskToReadyList               0x08002fa0   Section        0  tasks.o(i.prvAddNewTaskToReadyList)
    prvAddNewTaskToReadyList                 0x08002fa1   Thumb Code   200  tasks.o(i.prvAddNewTaskToReadyList)
    i.prvCheckTasksWaitingTermination        0x08003084   Section        0  tasks.o(i.prvCheckTasksWaitingTermination)
    prvCheckTasksWaitingTermination          0x08003085   Thumb Code    60  tasks.o(i.prvCheckTasksWaitingTermination)
    i.prvDeleteTCB                           0x080030cc   Section        0  tasks.o(i.prvDeleteTCB)
    prvDeleteTCB                             0x080030cd   Thumb Code    18  tasks.o(i.prvDeleteTCB)
    i.prvHeapInit                            0x080030e0   Section        0  heap_4.o(i.prvHeapInit)
    prvHeapInit                              0x080030e1   Thumb Code    90  heap_4.o(i.prvHeapInit)
    i.prvIdleTask                            0x08003150   Section        0  tasks.o(i.prvIdleTask)
    prvIdleTask                              0x08003151   Thumb Code    32  tasks.o(i.prvIdleTask)
    i.prvInitialiseNewTask                   0x08003178   Section        0  tasks.o(i.prvInitialiseNewTask)
    prvInitialiseNewTask                     0x08003179   Thumb Code   122  tasks.o(i.prvInitialiseNewTask)
    i.prvInitialiseTaskLists                 0x080031f4   Section        0  tasks.o(i.prvInitialiseTaskLists)
    prvInitialiseTaskLists                   0x080031f5   Thumb Code    70  tasks.o(i.prvInitialiseTaskLists)
    i.prvInsertBlockIntoFreeList             0x0800325c   Section        0  heap_4.o(i.prvInsertBlockIntoFreeList)
    prvInsertBlockIntoFreeList               0x0800325d   Thumb Code    96  heap_4.o(i.prvInsertBlockIntoFreeList)
    i.prvResetNextTaskUnblockTime            0x080032c4   Section        0  tasks.o(i.prvResetNextTaskUnblockTime)
    prvResetNextTaskUnblockTime              0x080032c5   Thumb Code    40  tasks.o(i.prvResetNextTaskUnblockTime)
    i.prvTaskExitError                       0x080032f4   Section        0  port.o(i.prvTaskExitError)
    prvTaskExitError                         0x080032f5   Thumb Code    22  port.o(i.prvTaskExitError)
    i.pvPortMalloc                           0x0800330c   Section        0  heap_4.o(i.pvPortMalloc)
    i.pxPortInitialiseStack                  0x080033f0   Section        0  port.o(i.pxPortInitialiseStack)
    i.ulTaskGenericNotifyTake                0x08003414   Section        0  tasks.o(i.ulTaskGenericNotifyTake)
    i.uxListRemove                           0x0800349c   Section        0  list.o(i.uxListRemove)
    i.vListInitialise                        0x080034c4   Section        0  list.o(i.vListInitialise)
    i.vListInitialiseItem                    0x080034de   Section        0  list.o(i.vListInitialiseItem)
    i.vListInsert                            0x080034e4   Section        0  list.o(i.vListInsert)
    i.vListInsertEnd                         0x08003518   Section        0  list.o(i.vListInsertEnd)
    i.vPortEnterCritical                     0x08003530   Section        0  port.o(i.vPortEnterCritical)
    i.vPortExitCritical                      0x08003554   Section        0  port.o(i.vPortExitCritical)
    i.vPortFree                              0x08003574   Section        0  heap_4.o(i.vPortFree)
    i.vPortSetupTimerInterrupt               0x080035c0   Section        0  port.o(i.vPortSetupTimerInterrupt)
    i.vTaskDelete                            0x080035d8   Section        0  tasks.o(i.vTaskDelete)
    i.vTaskStartScheduler                    0x080036ac   Section        0  tasks.o(i.vTaskStartScheduler)
    i.vTaskSuspendAll                        0x08003718   Section        0  tasks.o(i.vTaskSuspendAll)
    i.vTaskSwitchContext                     0x08003728   Section        0  tasks.o(i.vTaskSwitchContext)
    i.xPortStartScheduler                    0x08003788   Section        0  port.o(i.xPortStartScheduler)
    i.xPortSysTickHandler                    0x080037bc   Section        0  port.o(i.xPortSysTickHandler)
    i.xTaskCreate                            0x080037f0   Section        0  tasks.o(i.xTaskCreate)
    i.xTaskDelayUntil                        0x08003858   Section        0  tasks.o(i.xTaskDelayUntil)
    i.xTaskGenericNotify                     0x080038cc   Section        0  tasks.o(i.xTaskGenericNotify)
    i.xTaskGetSchedulerState                 0x08003a18   Section        0  tasks.o(i.xTaskGetSchedulerState)
    i.xTaskGetTickCount                      0x08003a38   Section        0  tasks.o(i.xTaskGetTickCount)
    i.xTaskIncrementTick                     0x08003a44   Section        0  tasks.o(i.xTaskIncrementTick)
    i.xTaskResumeAll                         0x08003bd4   Section        0  tasks.o(i.xTaskResumeAll)
    .constdata                               0x08003d30   Section     7696  inf_oled1315.o(.constdata)
    .constdata                               0x08005b40   Section      152  atan.o(.constdata)
    atanhi                                   0x08005b40   Data          32  atan.o(.constdata)
    atanlo                                   0x08005b60   Data          32  atan.o(.constdata)
    aTodd                                    0x08005b80   Data          40  atan.o(.constdata)
    aTeven                                   0x08005ba8   Data          48  atan.o(.constdata)
    .constdata                               0x08005bd8   Section        8  qnan.o(.constdata)
    .data                                    0x20000000   Section       64  tasks.o(.data)
    pxDelayedTaskList                        0x20000004   Data           4  tasks.o(.data)
    pxOverflowDelayedTaskList                0x20000008   Data           4  tasks.o(.data)
    uxDeletedTasksWaitingCleanUp             0x2000000c   Data           4  tasks.o(.data)
    uxCurrentNumberOfTasks                   0x20000010   Data           4  tasks.o(.data)
    xTickCount                               0x20000014   Data           4  tasks.o(.data)
    uxTopReadyPriority                       0x20000018   Data           4  tasks.o(.data)
    xSchedulerRunning                        0x2000001c   Data           4  tasks.o(.data)
    xPendedTicks                             0x20000020   Data           4  tasks.o(.data)
    xYieldPending                            0x20000024   Data           4  tasks.o(.data)
    xNumOfOverflows                          0x20000028   Data           4  tasks.o(.data)
    uxTaskNumber                             0x2000002c   Data           4  tasks.o(.data)
    xNextTaskUnblockTime                     0x20000030   Data           4  tasks.o(.data)
    xIdleTaskHandle                          0x20000034   Data           4  tasks.o(.data)
    uxSchedulerSuspended                     0x2000003c   Data           4  tasks.o(.data)
    .data                                    0x20000040   Section       28  heap_4.o(.data)
    xStart                                   0x20000040   Data           8  heap_4.o(.data)
    pxEnd                                    0x20000048   Data           4  heap_4.o(.data)
    xFreeBytesRemaining                      0x2000004c   Data           4  heap_4.o(.data)
    xMinimumEverFreeBytesRemaining           0x20000050   Data           4  heap_4.o(.data)
    xNumberOfSuccessfulAllocations           0x20000054   Data           4  heap_4.o(.data)
    xNumberOfSuccessfulFrees                 0x20000058   Data           4  heap_4.o(.data)
    .data                                    0x2000005c   Section        4  port.o(.data)
    uxCriticalNesting                        0x2000005c   Data           4  port.o(.data)
    .data                                    0x20000060   Section       16  app_task.o(.data)
    .data                                    0x20000070   Section       89  app_car.o(.data)
    EA                                       0x200000a4   Data           7  app_car.o(.data)
    EB                                       0x200000ab   Data           7  app_car.o(.data)
    AngleStr                                 0x200000b2   Data           6  app_car.o(.data)
    BAT                                      0x200000b8   Data           5  app_car.o(.data)
    BAT_BAL                                  0x200000c0   Data           8  app_car.o(.data)
    bat_count                                0x200000c8   Data           1  app_car.o(.data)
    .data                                    0x200000cc   Section       84  com_filter.o(.data)
    .data                                    0x20000120   Section        8  com_pid.o(.data)
    last_Encoder                             0x20000120   Data           4  com_pid.o(.data)
    Encoder_I                                0x20000124   Data           4  com_pid.o(.data)
    .data                                    0x20000128   Section        4  stdout.o(.data)
    .data                                    0x2000012c   Section        4  errno.o(.data)
    _errno                                   0x2000012c   Data           4  errno.o(.data)
    .bss                                     0x20000130   Section      740  tasks.o(.bss)
    pxReadyTasksLists                        0x20000130   Data         640  tasks.o(.bss)
    xDelayedTaskList1                        0x200003b0   Data          20  tasks.o(.bss)
    xDelayedTaskList2                        0x200003c4   Data          20  tasks.o(.bss)
    xPendingReadyList                        0x200003d8   Data          20  tasks.o(.bss)
    xTasksWaitingTermination                 0x200003ec   Data          20  tasks.o(.bss)
    xSuspendedTaskList                       0x20000400   Data          20  tasks.o(.bss)
    .bss                                     0x20000414   Section    15360  heap_4.o(.bss)
    ucHeap                                   0x20000414   Data       15360  heap_4.o(.bss)
    .bss                                     0x20004014   Section     1152  inf_oled1315.o(.bss)
    .bss                                     0x20004494   Section       16  com_filter.o(.bss)
    STACK                                    0x200044a8   Section     1024  startup_stm32f10x_md.o(STACK)

    Global Symbols

    Symbol Name                              Value     Ov Type        Size  Object(Section)

    BuildAttributes$$THM_ISAv4$P$D$K$B$S$PE$A:L22UL41UL21$X:L11$S22US41US21$IEEE1$IW$USESV6$~STKCKD$USESV7$~SHL$OTIME$ROPI$IEEEX$EBA8$MICROLIB$REQ8$PRES8$EABIv2 0x00000000   Number         0  anon$$obj.o ABSOLUTE
    __ARM_use_no_argv                        0x00000000   Number         0  main.o ABSOLUTE
    _printf_a                                0x00000000   Number         0  stubs.o ABSOLUTE
    _printf_c                                0x00000000   Number         0  stubs.o ABSOLUTE
    _printf_charcount                        0x00000000   Number         0  stubs.o ABSOLUTE
    _printf_d                                0x00000000   Number         0  stubs.o ABSOLUTE
    _printf_e                                0x00000000   Number         0  stubs.o ABSOLUTE
    _printf_f                                0x00000000   Number         0  stubs.o ABSOLUTE
    _printf_flags                            0x00000000   Number         0  stubs.o ABSOLUTE
    _printf_fp_dec                           0x00000000   Number         0  stubs.o ABSOLUTE
    _printf_fp_hex                           0x00000000   Number         0  stubs.o ABSOLUTE
    _printf_g                                0x00000000   Number         0  stubs.o ABSOLUTE
    _printf_i                                0x00000000   Number         0  stubs.o ABSOLUTE
    _printf_int_dec                          0x00000000   Number         0  stubs.o ABSOLUTE
    _printf_l                                0x00000000   Number         0  stubs.o ABSOLUTE
    _printf_lc                               0x00000000   Number         0  stubs.o ABSOLUTE
    _printf_ll                               0x00000000   Number         0  stubs.o ABSOLUTE
    _printf_lld                              0x00000000   Number         0  stubs.o ABSOLUTE
    _printf_lli                              0x00000000   Number         0  stubs.o ABSOLUTE
    _printf_llo                              0x00000000   Number         0  stubs.o ABSOLUTE
    _printf_llu                              0x00000000   Number         0  stubs.o ABSOLUTE
    _printf_llx                              0x00000000   Number         0  stubs.o ABSOLUTE
    _printf_longlong_dec                     0x00000000   Number         0  stubs.o ABSOLUTE
    _printf_longlong_hex                     0x00000000   Number         0  stubs.o ABSOLUTE
    _printf_longlong_oct                     0x00000000   Number         0  stubs.o ABSOLUTE
    _printf_ls                               0x00000000   Number         0  stubs.o ABSOLUTE
    _printf_mbtowc                           0x00000000   Number         0  stubs.o ABSOLUTE
    _printf_n                                0x00000000   Number         0  stubs.o ABSOLUTE
    _printf_o                                0x00000000   Number         0  stubs.o ABSOLUTE
    _printf_p                                0x00000000   Number         0  stubs.o ABSOLUTE
    _printf_percent                          0x00000000   Number         0  stubs.o ABSOLUTE
    _printf_pre_padding                      0x00000000   Number         0  stubs.o ABSOLUTE
    _printf_return_value                     0x00000000   Number         0  stubs.o ABSOLUTE
    _printf_s                                0x00000000   Number         0  stubs.o ABSOLUTE
    _printf_sizespec                         0x00000000   Number         0  stubs.o ABSOLUTE
    _printf_str                              0x00000000   Number         0  stubs.o ABSOLUTE
    _printf_truncate_signed                  0x00000000   Number         0  stubs.o ABSOLUTE
    _printf_truncate_unsigned                0x00000000   Number         0  stubs.o ABSOLUTE
    _printf_u                                0x00000000   Number         0  stubs.o ABSOLUTE
    _printf_wc                               0x00000000   Number         0  stubs.o ABSOLUTE
    _printf_wctomb                           0x00000000   Number         0  stubs.o ABSOLUTE
    _printf_widthprec                        0x00000000   Number         0  stubs.o ABSOLUTE
    _printf_x                                0x00000000   Number         0  stubs.o ABSOLUTE
    __arm_fini_                               - Undefined Weak Reference
    __cpp_initialize__aeabi_                  - Undefined Weak Reference
    __cxa_finalize                            - Undefined Weak Reference
    _clock_init                               - Undefined Weak Reference
    _microlib_exit                            - Undefined Weak Reference
    __Vectors_Size                           0x000000ec   Number         0  startup_stm32f10x_md.o ABSOLUTE
    __Vectors                                0x08000000   Data           4  startup_stm32f10x_md.o(RESET)
    __Vectors_End                            0x080000ec   Data           0  startup_stm32f10x_md.o(RESET)
    __main                                   0x080000ed   Thumb Code     0  entry.o(.ARM.Collect$$$$00000000)
    _main_stk                                0x080000ed   Thumb Code     0  entry2.o(.ARM.Collect$$$$00000001)
    _main_scatterload                        0x080000f1   Thumb Code     0  entry5.o(.ARM.Collect$$$$00000004)
    __main_after_scatterload                 0x080000f5   Thumb Code     0  entry5.o(.ARM.Collect$$$$00000004)
    _main_clock                              0x080000f5   Thumb Code     0  entry7b.o(.ARM.Collect$$$$00000008)
    _main_cpp_init                           0x080000f5   Thumb Code     0  entry8b.o(.ARM.Collect$$$$0000000A)
    _main_init                               0x080000f5   Thumb Code     0  entry9a.o(.ARM.Collect$$$$0000000B)
    __rt_lib_shutdown_fini                   0x080000fd   Thumb Code     0  entry12b.o(.ARM.Collect$$$$0000000E)
    __rt_final_cpp                           0x08000101   Thumb Code     0  entry10a.o(.ARM.Collect$$$$0000000F)
    __rt_final_exit                          0x08000101   Thumb Code     0  entry11a.o(.ARM.Collect$$$$00000011)
    SVC_Handler                              0x08000105   Thumb Code    32  port.o(.emb_text)
    __asm___6_port_c_39a90d8d__prvStartFirstTask 0x08000129   Thumb Code    28  port.o(.emb_text)
    PendSV_Handler                           0x08000149   Thumb Code    72  port.o(.emb_text)
    vPortGetIPSR                             0x08000195   Thumb Code     6  port.o(.emb_text)
    Reset_Handler                            0x0800019d   Thumb Code     8  startup_stm32f10x_md.o(.text)
    NMI_Handler                              0x080001a5   Thumb Code     2  startup_stm32f10x_md.o(.text)
    HardFault_Handler                        0x080001a7   Thumb Code     2  startup_stm32f10x_md.o(.text)
    MemManage_Handler                        0x080001a9   Thumb Code     2  startup_stm32f10x_md.o(.text)
    BusFault_Handler                         0x080001ab   Thumb Code     2  startup_stm32f10x_md.o(.text)
    UsageFault_Handler                       0x080001ad   Thumb Code     2  startup_stm32f10x_md.o(.text)
    DebugMon_Handler                         0x080001b1   Thumb Code     2  startup_stm32f10x_md.o(.text)
    ADC1_2_IRQHandler                        0x080001b7   Thumb Code     0  startup_stm32f10x_md.o(.text)
    CAN1_RX1_IRQHandler                      0x080001b7   Thumb Code     0  startup_stm32f10x_md.o(.text)
    CAN1_SCE_IRQHandler                      0x080001b7   Thumb Code     0  startup_stm32f10x_md.o(.text)
    DMA1_Channel1_IRQHandler                 0x080001b7   Thumb Code     0  startup_stm32f10x_md.o(.text)
    DMA1_Channel2_IRQHandler                 0x080001b7   Thumb Code     0  startup_stm32f10x_md.o(.text)
    DMA1_Channel3_IRQHandler                 0x080001b7   Thumb Code     0  startup_stm32f10x_md.o(.text)
    DMA1_Channel4_IRQHandler                 0x080001b7   Thumb Code     0  startup_stm32f10x_md.o(.text)
    DMA1_Channel5_IRQHandler                 0x080001b7   Thumb Code     0  startup_stm32f10x_md.o(.text)
    DMA1_Channel6_IRQHandler                 0x080001b7   Thumb Code     0  startup_stm32f10x_md.o(.text)
    DMA1_Channel7_IRQHandler                 0x080001b7   Thumb Code     0  startup_stm32f10x_md.o(.text)
    EXTI0_IRQHandler                         0x080001b7   Thumb Code     0  startup_stm32f10x_md.o(.text)
    EXTI15_10_IRQHandler                     0x080001b7   Thumb Code     0  startup_stm32f10x_md.o(.text)
    EXTI1_IRQHandler                         0x080001b7   Thumb Code     0  startup_stm32f10x_md.o(.text)
    EXTI2_IRQHandler                         0x080001b7   Thumb Code     0  startup_stm32f10x_md.o(.text)
    EXTI3_IRQHandler                         0x080001b7   Thumb Code     0  startup_stm32f10x_md.o(.text)
    EXTI4_IRQHandler                         0x080001b7   Thumb Code     0  startup_stm32f10x_md.o(.text)
    EXTI9_5_IRQHandler                       0x080001b7   Thumb Code     0  startup_stm32f10x_md.o(.text)
    FLASH_IRQHandler                         0x080001b7   Thumb Code     0  startup_stm32f10x_md.o(.text)
    I2C1_ER_IRQHandler                       0x080001b7   Thumb Code     0  startup_stm32f10x_md.o(.text)
    I2C1_EV_IRQHandler                       0x080001b7   Thumb Code     0  startup_stm32f10x_md.o(.text)
    I2C2_ER_IRQHandler                       0x080001b7   Thumb Code     0  startup_stm32f10x_md.o(.text)
    I2C2_EV_IRQHandler                       0x080001b7   Thumb Code     0  startup_stm32f10x_md.o(.text)
    PVD_IRQHandler                           0x080001b7   Thumb Code     0  startup_stm32f10x_md.o(.text)
    RCC_IRQHandler                           0x080001b7   Thumb Code     0  startup_stm32f10x_md.o(.text)
    RTCAlarm_IRQHandler                      0x080001b7   Thumb Code     0  startup_stm32f10x_md.o(.text)
    RTC_IRQHandler                           0x080001b7   Thumb Code     0  startup_stm32f10x_md.o(.text)
    SPI1_IRQHandler                          0x080001b7   Thumb Code     0  startup_stm32f10x_md.o(.text)
    SPI2_IRQHandler                          0x080001b7   Thumb Code     0  startup_stm32f10x_md.o(.text)
    TAMPER_IRQHandler                        0x080001b7   Thumb Code     0  startup_stm32f10x_md.o(.text)
    TIM1_BRK_IRQHandler                      0x080001b7   Thumb Code     0  startup_stm32f10x_md.o(.text)
    TIM1_CC_IRQHandler                       0x080001b7   Thumb Code     0  startup_stm32f10x_md.o(.text)
    TIM1_TRG_COM_IRQHandler                  0x080001b7   Thumb Code     0  startup_stm32f10x_md.o(.text)
    TIM1_UP_IRQHandler                       0x080001b7   Thumb Code     0  startup_stm32f10x_md.o(.text)
    TIM2_IRQHandler                          0x080001b7   Thumb Code     0  startup_stm32f10x_md.o(.text)
    TIM3_IRQHandler                          0x080001b7   Thumb Code     0  startup_stm32f10x_md.o(.text)
    TIM4_IRQHandler                          0x080001b7   Thumb Code     0  startup_stm32f10x_md.o(.text)
    USART1_IRQHandler                        0x080001b7   Thumb Code     0  startup_stm32f10x_md.o(.text)
    USART2_IRQHandler                        0x080001b7   Thumb Code     0  startup_stm32f10x_md.o(.text)
    USART3_IRQHandler                        0x080001b7   Thumb Code     0  startup_stm32f10x_md.o(.text)
    USBWakeUp_IRQHandler                     0x080001b7   Thumb Code     0  startup_stm32f10x_md.o(.text)
    USB_HP_CAN1_TX_IRQHandler                0x080001b7   Thumb Code     0  startup_stm32f10x_md.o(.text)
    USB_LP_CAN1_RX0_IRQHandler               0x080001b7   Thumb Code     0  startup_stm32f10x_md.o(.text)
    WWDG_IRQHandler                          0x080001b7   Thumb Code     0  startup_stm32f10x_md.o(.text)
    __aeabi_memset                           0x080001c1   Thumb Code    14  memseta.o(.text)
    __aeabi_memset4                          0x080001c1   Thumb Code     0  memseta.o(.text)
    __aeabi_memset8                          0x080001c1   Thumb Code     0  memseta.o(.text)
    __aeabi_memclr                           0x080001cf   Thumb Code     4  memseta.o(.text)
    __aeabi_memclr4                          0x080001cf   Thumb Code     0  memseta.o(.text)
    __aeabi_memclr8                          0x080001cf   Thumb Code     0  memseta.o(.text)
    _memset$wrapper                          0x080001d3   Thumb Code    18  memseta.o(.text)
    __aeabi_fadd                             0x080001e5   Thumb Code   164  fadd.o(.text)
    __aeabi_fsub                             0x08000289   Thumb Code     6  fadd.o(.text)
    __aeabi_frsub                            0x0800028f   Thumb Code     6  fadd.o(.text)
    __aeabi_fmul                             0x08000295   Thumb Code   100  fmul.o(.text)
    __aeabi_fdiv                             0x080002f9   Thumb Code   124  fdiv.o(.text)
    __aeabi_dadd                             0x08000375   Thumb Code   322  dadd.o(.text)
    __aeabi_dsub                             0x080004b7   Thumb Code     6  dadd.o(.text)
    __aeabi_drsub                            0x080004bd   Thumb Code     6  dadd.o(.text)
    __aeabi_dmul                             0x080004c3   Thumb Code   228  dmul.o(.text)
    __aeabi_ddiv                             0x080005a7   Thumb Code   222  ddiv.o(.text)
    __aeabi_i2f                              0x08000685   Thumb Code    18  fflti.o(.text)
    __aeabi_ui2f                             0x08000697   Thumb Code    10  ffltui.o(.text)
    __aeabi_i2d                              0x080006a1   Thumb Code    34  dflti.o(.text)
    __aeabi_ui2d                             0x080006c3   Thumb Code    26  dfltui.o(.text)
    __aeabi_f2iz                             0x080006dd   Thumb Code    50  ffixi.o(.text)
    __aeabi_d2iz                             0x0800070f   Thumb Code    62  dfixi.o(.text)
    __aeabi_f2d                              0x0800074d   Thumb Code    38  f2d.o(.text)
    __aeabi_d2f                              0x08000773   Thumb Code    56  d2f.o(.text)
    __aeabi_uidiv                            0x080007ab   Thumb Code     0  uidiv.o(.text)
    __aeabi_uidivmod                         0x080007ab   Thumb Code    44  uidiv.o(.text)
    __aeabi_uldivmod                         0x080007d7   Thumb Code    98  uldiv.o(.text)
    __aeabi_llsl                             0x08000839   Thumb Code    30  llshl.o(.text)
    _ll_shift_l                              0x08000839   Thumb Code     0  llshl.o(.text)
    __aeabi_llsr                             0x08000857   Thumb Code    32  llushr.o(.text)
    _ll_ushift_r                             0x08000857   Thumb Code     0  llushr.o(.text)
    __aeabi_lasr                             0x08000877   Thumb Code    36  llsshr.o(.text)
    _ll_sshift_r                             0x08000877   Thumb Code     0  llsshr.o(.text)
    __I$use$fp                               0x0800089b   Thumb Code     0  iusefp.o(.text)
    _float_round                             0x0800089b   Thumb Code    18  fepilogue.o(.text)
    _float_epilogue                          0x080008ad   Thumb Code    92  fepilogue.o(.text)
    _double_round                            0x08000909   Thumb Code    30  depilogue.o(.text)
    _double_epilogue                         0x08000927   Thumb Code   156  depilogue.o(.text)
    __aeabi_d2ulz                            0x080009c3   Thumb Code    48  dfixul.o(.text)
    __aeabi_cdcmpeq                          0x080009f5   Thumb Code     0  cdcmple.o(.text)
    __aeabi_cdcmple                          0x080009f5   Thumb Code    48  cdcmple.o(.text)
    __aeabi_cdrcmple                         0x08000a25   Thumb Code    48  cdrcmple.o(.text)
    __scatterload                            0x08000a55   Thumb Code    28  init.o(.text)
    __scatterload_rt2                        0x08000a55   Thumb Code     0  init.o(.text)
    __ARM_scalbn                             0x08000a79   Thumb Code    46  dscalb.o(.text)
    scalbn                                   0x08000a79   Thumb Code     0  dscalb.o(.text)
    __decompress                             0x08000aa7   Thumb Code     0  __dczerorl.o(.text)
    __decompress0                            0x08000aa7   Thumb Code    58  __dczerorl.o(.text)
    App_Car_Control                          0x08000ae1   Thumb Code   104  app_car.o(i.App_Car_Control)
    App_Car_GetAngle_Encoder                 0x08000b75   Thumb Code   172  app_car.o(i.App_Car_GetAngle_Encoder)
    App_Car_Init                             0x08000c55   Thumb Code    24  app_car.o(i.App_Car_Init)
    App_Car_OLED                             0x08000c6d   Thumb Code   164  app_car.o(i.App_Car_OLED)
    Com_Filter_Kalman                        0x08000d49   Thumb Code   558  com_filter.o(i.Com_Filter_Kalman)
    Com_PID_Balance                          0x08000fc1   Thumb Code    66  com_pid.o(i.Com_PID_Balance)
    Com_PID_Turn                             0x08001003   Thumb Code    22  com_pid.o(i.Com_PID_Turn)
    Com_PID_Velocity                         0x08001019   Thumb Code   190  com_pid.o(i.Com_PID_Velocity)
    Dri_ADC1_Init                            0x080010f1   Thumb Code   248  dri_adc.o(i.Dri_ADC1_Init)
    Dri_ADC1_ReadV                           0x080011f5   Thumb Code    88  dri_adc.o(i.Dri_ADC1_ReadV)
    Dri_I2C_ACK                              0x0800125d   Thumb Code    14  dri_i2c.o(i.Dri_I2C_ACK)
    Dri_I2C_Init                             0x08001271   Thumb Code   110  dri_i2c.o(i.Dri_I2C_Init)
    Dri_I2C_NACK                             0x080012ed   Thumb Code    14  dri_i2c.o(i.Dri_I2C_NACK)
    Dri_I2C_ReadByte                         0x08001301   Thumb Code    40  dri_i2c.o(i.Dri_I2C_ReadByte)
    Dri_I2C_SendAddr                         0x0800132d   Thumb Code    48  dri_i2c.o(i.Dri_I2C_SendAddr)
    Dri_I2C_Start                            0x08001361   Thumb Code    48  dri_i2c.o(i.Dri_I2C_Start)
    Dri_I2C_Stop                             0x08001395   Thumb Code    14  dri_i2c.o(i.Dri_I2C_Stop)
    Dri_I2C_Transmit                         0x080013a9   Thumb Code    66  dri_i2c.o(i.Dri_I2C_Transmit)
    Dri_SPI_Init                             0x080013f1   Thumb Code    54  dri_spi.o(i.Dri_SPI_Init)
    Dri_SPI_WriteByte                        0x08001439   Thumb Code    96  dri_spi.o(i.Dri_SPI_WriteByte)
    Dri_TIM4_Init                            0x0800149d   Thumb Code   264  dri_tim.o(i.Dri_TIM4_Init)
    Driver_USART1_Init                       0x080015b1   Thumb Code    76  driver_usart.o(i.Driver_USART1_Init)
    Driver_USART1_SendChar                   0x08001609   Thumb Code    22  driver_usart.o(i.Driver_USART1_SendChar)
    FreeRTOS_Start                           0x08001625   Thumb Code    28  app_task.o(i.FreeRTOS_Start)
    Inf_MPU6050_GetAccl                      0x08001655   Thumb Code    68  inf_mpu6050.o(i.Inf_MPU6050_GetAccl)
    Inf_MPU6050_GetGyro                      0x08001699   Thumb Code    68  inf_mpu6050.o(i.Inf_MPU6050_GetGyro)
    Inf_MPU6050_Init                         0x080016dd   Thumb Code   108  inf_mpu6050.o(i.Inf_MPU6050_Init)
    Inf_MPU6050_ReadByte                     0x08001749   Thumb Code    50  inf_mpu6050.o(i.Inf_MPU6050_ReadByte)
    Inf_MPU6050_ReadStr                      0x0800177b   Thumb Code    80  inf_mpu6050.o(i.Inf_MPU6050_ReadStr)
    Inf_MPU6050_WriteByte                    0x080017cb   Thumb Code    36  inf_mpu6050.o(i.Inf_MPU6050_WriteByte)
    Inf_MPU_Set_Accel_Fsr                    0x080017ef   Thumb Code    16  inf_mpu6050.o(i.Inf_MPU_Set_Accel_Fsr)
    Inf_MPU_Set_Gyro_Fsr                     0x080017ff   Thumb Code    16  inf_mpu6050.o(i.Inf_MPU_Set_Gyro_Fsr)
    Inf_MPU_Set_LPF                          0x0800180f   Thumb Code    58  inf_mpu6050.o(i.Inf_MPU_Set_LPF)
    Inf_MPU_Set_Rate                         0x08001849   Thumb Code    60  inf_mpu6050.o(i.Inf_MPU_Set_Rate)
    Inf_OLED1315_Clear                       0x08001885   Thumb Code    42  inf_oled1315.o(i.Inf_OLED1315_Clear)
    Inf_OLED1315_DrawPoint                   0x080018b5   Thumb Code   114  inf_oled1315.o(i.Inf_OLED1315_DrawPoint)
    Inf_OLED1315_Init                        0x0800192d   Thumb Code   334  inf_oled1315.o(i.Inf_OLED1315_Init)
    Inf_OLED1315_Refresh                     0x08001a89   Thumb Code    70  inf_oled1315.o(i.Inf_OLED1315_Refresh)
    Inf_OLED1315_ShowChar                    0x08001ad5   Thumb Code   300  inf_oled1315.o(i.Inf_OLED1315_ShowChar)
    Inf_OLED1315_ShowString                  0x08001c11   Thumb Code    74  inf_oled1315.o(i.Inf_OLED1315_ShowString)
    Inf_OLED1315_WR_Byte                     0x08001c5d   Thumb Code    54  inf_oled1315.o(i.Inf_OLED1315_WR_Byte)
    Inf_TB6612_Init                          0x08001c99   Thumb Code    44  inf_tb6612.o(i.Inf_TB6612_Init)
    Inf_TB6612_MotorA                        0x08001cd5   Thumb Code    82  inf_tb6612.o(i.Inf_TB6612_MotorA)
    Inf_TB6612_MotorB                        0x08001d2d   Thumb Code    82  inf_tb6612.o(i.Inf_TB6612_MotorB)
    Inf_TB6612_SetPWM                        0x08001d85   Thumb Code    74  inf_tb6612.o(i.Inf_TB6612_SetPWM)
    Start_Task                               0x08001ebd   Thumb Code    80  app_task.o(i.Start_Task)
    SysTick_Handler                          0x08001f3d   Thumb Code    16  app_task.o(i.SysTick_Handler)
    SystemInit                               0x08001f4d   Thumb Code    78  system_stm32f10x.o(i.SystemInit)
    Task1                                    0x08001fad   Thumb Code    52  app_task.o(i.Task1)
    Task2                                    0x08001ffd   Thumb Code    34  app_task.o(i.Task2)
    Task3                                    0x08002039   Thumb Code    26  app_task.o(i.Task3)
    __0printf                                0x0800206d   Thumb Code    22  printfa.o(i.__0printf)
    __1printf                                0x0800206d   Thumb Code     0  printfa.o(i.__0printf)
    __2printf                                0x0800206d   Thumb Code     0  printfa.o(i.__0printf)
    __c89printf                              0x0800206d   Thumb Code     0  printfa.o(i.__0printf)
    printf                                   0x0800206d   Thumb Code     0  printfa.o(i.__0printf)
    __0sprintf                               0x0800208d   Thumb Code    34  printfa.o(i.__0sprintf)
    __1sprintf                               0x0800208d   Thumb Code     0  printfa.o(i.__0sprintf)
    __2sprintf                               0x0800208d   Thumb Code     0  printfa.o(i.__0sprintf)
    __c89sprintf                             0x0800208d   Thumb Code     0  printfa.o(i.__0sprintf)
    sprintf                                  0x0800208d   Thumb Code     0  printfa.o(i.__0sprintf)
    __ARM_fpclassify                         0x080020b5   Thumb Code    40  fpclassify.o(i.__ARM_fpclassify)
    __kernel_poly                            0x080020dd   Thumb Code   170  poly.o(i.__kernel_poly)
    __mathlib_dbl_infnan                     0x08002187   Thumb Code     6  dunder.o(i.__mathlib_dbl_infnan)
    __mathlib_dbl_infnan2                    0x0800218d   Thumb Code     4  dunder.o(i.__mathlib_dbl_infnan2)
    __mathlib_dbl_underflow                  0x08002191   Thumb Code    10  dunder.o(i.__mathlib_dbl_underflow)
    __scatterload_copy                       0x080021a1   Thumb Code    14  handlers.o(i.__scatterload_copy)
    __scatterload_null                       0x080021af   Thumb Code     2  handlers.o(i.__scatterload_null)
    __scatterload_zeroinit                   0x080021b1   Thumb Code    14  handlers.o(i.__scatterload_zeroinit)
    __set_errno                              0x080021c1   Thumb Code     6  errno.o(i.__set_errno)
    atan                                     0x08002a61   Thumb Code   474  atan.o(i.atan)
    atan2                                    0x08002c81   Thumb Code   374  atan2.o(i.atan2)
    for_delay_ms                             0x08002e1d   Thumb Code    24  inf_mpu6050.o(i.for_delay_ms)
    fputc                                    0x08002e39   Thumb Code    16  driver_usart.o(i.fputc)
    main                                     0x08002e49   Thumb Code    92  main.o(i.main)
    pvPortMalloc                             0x0800330d   Thumb Code   208  heap_4.o(i.pvPortMalloc)
    pxPortInitialiseStack                    0x080033f1   Thumb Code    30  port.o(i.pxPortInitialiseStack)
    ulTaskGenericNotifyTake                  0x08003415   Thumb Code   128  tasks.o(i.ulTaskGenericNotifyTake)
    uxListRemove                             0x0800349d   Thumb Code    40  list.o(i.uxListRemove)
    vListInitialise                          0x080034c5   Thumb Code    26  list.o(i.vListInitialise)
    vListInitialiseItem                      0x080034df   Thumb Code     6  list.o(i.vListInitialiseItem)
    vListInsert                              0x080034e5   Thumb Code    52  list.o(i.vListInsert)
    vListInsertEnd                           0x08003519   Thumb Code    24  list.o(i.vListInsertEnd)
    vPortEnterCritical                       0x08003531   Thumb Code    30  port.o(i.vPortEnterCritical)
    vPortExitCritical                        0x08003555   Thumb Code    28  port.o(i.vPortExitCritical)
    vPortFree                                0x08003575   Thumb Code    68  heap_4.o(i.vPortFree)
    vPortSetupTimerInterrupt                 0x080035c1   Thumb Code    20  port.o(i.vPortSetupTimerInterrupt)
    vTaskDelete                              0x080035d9   Thumb Code   174  tasks.o(i.vTaskDelete)
    vTaskStartScheduler                      0x080036ad   Thumb Code    76  tasks.o(i.vTaskStartScheduler)
    vTaskSuspendAll                          0x08003719   Thumb Code    12  tasks.o(i.vTaskSuspendAll)
    vTaskSwitchContext                       0x08003729   Thumb Code    76  tasks.o(i.vTaskSwitchContext)
    xPortStartScheduler                      0x08003789   Thumb Code    42  port.o(i.xPortStartScheduler)
    xPortSysTickHandler                      0x080037bd   Thumb Code    46  port.o(i.xPortSysTickHandler)
    xTaskCreate                              0x080037f1   Thumb Code   104  tasks.o(i.xTaskCreate)
    xTaskDelayUntil                          0x08003859   Thumb Code   108  tasks.o(i.xTaskDelayUntil)
    xTaskGenericNotify                       0x080038cd   Thumb Code   314  tasks.o(i.xTaskGenericNotify)
    xTaskGetSchedulerState                   0x08003a19   Thumb Code    24  tasks.o(i.xTaskGetSchedulerState)
    xTaskGetTickCount                        0x08003a39   Thumb Code     6  tasks.o(i.xTaskGetTickCount)
    xTaskIncrementTick                       0x08003a45   Thumb Code   356  tasks.o(i.xTaskIncrementTick)
    xTaskResumeAll                           0x08003bd5   Thumb Code   310  tasks.o(i.xTaskResumeAll)
    asc2_0806                                0x08003d30   Data         552  inf_oled1315.o(.constdata)
    asc2_1206                                0x08003f58   Data        1140  inf_oled1315.o(.constdata)
    asc2_1608                                0x080043cc   Data        1520  inf_oled1315.o(.constdata)
    asc2_2412                                0x080049bc   Data        3420  inf_oled1315.o(.constdata)
    Hzk1                                     0x08005718   Data         352  inf_oled1315.o(.constdata)
    Hzk2                                     0x08005878   Data          72  inf_oled1315.o(.constdata)
    Hzk3                                     0x080058c0   Data         128  inf_oled1315.o(.constdata)
    Hzk4                                     0x08005940   Data         512  inf_oled1315.o(.constdata)
    __mathlib_zero                           0x08005bd8   Data           8  qnan.o(.constdata)
    Region$$Table$$Base                      0x08005be0   Number         0  anon$$obj.o(Region$$Table)
    Region$$Table$$Limit                     0x08005c00   Number         0  anon$$obj.o(Region$$Table)
    pxCurrentTCB                             0x20000000   Data           4  tasks.o(.data)
    uxTopUsedPriority                        0x20000038   Data           4  tasks.o(.data)
    start_task_handler                       0x20000060   Data           4  app_task.o(.data)
    start1_task_handler                      0x20000064   Data           4  app_task.o(.data)
    start2_task_handler                      0x20000068   Data           4  app_task.o(.data)
    start3_task_handler                      0x2000006c   Data           4  app_task.o(.data)
    encoder_Count2                           0x20000070   Data           2  app_car.o(.data)
    encoder_Count3                           0x20000072   Data           2  app_car.o(.data)
    GryoY                                    0x20000074   Data           4  app_car.o(.data)
    GryoZ                                    0x20000078   Data           4  app_car.o(.data)
    balance_angle                            0x2000007c   Data           4  app_car.o(.data)
    balance_Kp                               0x20000080   Data           4  app_car.o(.data)
    balance_Kd                               0x20000084   Data           4  app_car.o(.data)
    velocity_Kp                              0x20000088   Data           4  app_car.o(.data)
    velocity_Ki                              0x2000008c   Data           4  app_car.o(.data)
    turn_Kp                                  0x20000090   Data           4  app_car.o(.data)
    Acc_Angle                                0x20000094   Data           4  app_car.o(.data)
    ax                                       0x20000098   Data           2  app_car.o(.data)
    ay                                       0x2000009a   Data           2  app_car.o(.data)
    az                                       0x2000009c   Data           2  app_car.o(.data)
    gx                                       0x2000009e   Data           2  app_car.o(.data)
    gy                                       0x200000a0   Data           2  app_car.o(.data)
    gz                                       0x200000a2   Data           2  app_car.o(.data)
    K1                                       0x200000cc   Data           4  com_filter.o(.data)
    angle                                    0x200000d0   Data           4  com_filter.o(.data)
    angle_dot                                0x200000d4   Data           4  com_filter.o(.data)
    Q_angle                                  0x200000d8   Data           4  com_filter.o(.data)
    Q_gyro                                   0x200000dc   Data           4  com_filter.o(.data)
    R_angle                                  0x200000e0   Data           4  com_filter.o(.data)
    dt                                       0x200000e4   Data           4  com_filter.o(.data)
    C_0                                      0x200000e8   Data           1  com_filter.o(.data)
    Q_bias                                   0x200000ec   Data           4  com_filter.o(.data)
    Angle_err                                0x200000f0   Data           4  com_filter.o(.data)
    PCt_0                                    0x200000f4   Data           4  com_filter.o(.data)
    PCt_1                                    0x200000f8   Data           4  com_filter.o(.data)
    E                                        0x200000fc   Data           4  com_filter.o(.data)
    K_0                                      0x20000100   Data           4  com_filter.o(.data)
    K_1                                      0x20000104   Data           4  com_filter.o(.data)
    t_0                                      0x20000108   Data           4  com_filter.o(.data)
    t_1                                      0x2000010c   Data           4  com_filter.o(.data)
    PP                                       0x20000110   Data          16  com_filter.o(.data)
    __stdout                                 0x20000128   Data           4  stdout.o(.data)
    OLED_GRAM                                0x20004014   Data        1152  inf_oled1315.o(.bss)
    Pdot                                     0x20004494   Data          16  com_filter.o(.bss)
    __initial_sp                             0x200048a8   Data           0  startup_stm32f10x_md.o(STACK)



==============================================================================

Memory Map of the image

  Image Entry point : 0x080000ed

  Load Region LR_IROM1 (Base: 0x08000000, Size: 0x00005d30, Max: 0x00010000, ABSOLUTE, COMPRESSED[0x00005c3c])

    Execution Region ER_IROM1 (Exec base: 0x08000000, Load base: 0x08000000, Size: 0x00005c00, Max: 0x00010000, ABSOLUTE)

    Exec Addr    Load Addr    Size         Type   Attr      Idx    E Section Name        Object

    0x08000000   0x08000000   0x000000ec   Data   RO           60    RESET               startup_stm32f10x_md.o
    0x080000ec   0x080000ec   0x00000000   Code   RO         1653  * .ARM.Collect$$$$00000000  mc_w.l(entry.o)
    0x080000ec   0x080000ec   0x00000004   Code   RO         1976    .ARM.Collect$$$$00000001  mc_w.l(entry2.o)
    0x080000f0   0x080000f0   0x00000004   Code   RO         1979    .ARM.Collect$$$$00000004  mc_w.l(entry5.o)
    0x080000f4   0x080000f4   0x00000000   Code   RO         1981    .ARM.Collect$$$$00000008  mc_w.l(entry7b.o)
    0x080000f4   0x080000f4   0x00000000   Code   RO         1983    .ARM.Collect$$$$0000000A  mc_w.l(entry8b.o)
    0x080000f4   0x080000f4   0x00000008   Code   RO         1984    .ARM.Collect$$$$0000000B  mc_w.l(entry9a.o)
    0x080000fc   0x080000fc   0x00000004   Code   RO         1991    .ARM.Collect$$$$0000000E  mc_w.l(entry12b.o)
    0x08000100   0x08000100   0x00000000   Code   RO         1986    .ARM.Collect$$$$0000000F  mc_w.l(entry10a.o)
    0x08000100   0x08000100   0x00000000   Code   RO         1988    .ARM.Collect$$$$00000011  mc_w.l(entry11a.o)
    0x08000100   0x08000100   0x00000004   Code   RO         1977    .ARM.Collect$$$$00002712  mc_w.l(entry2.o)
    0x08000104   0x08000104   0x00000096   Code   RO          963    .emb_text           port.o
    0x0800019a   0x0800019a   0x00000002   PAD
    0x0800019c   0x0800019c   0x00000024   Code   RO           61    .text               startup_stm32f10x_md.o
    0x080001c0   0x080001c0   0x00000024   Code   RO         1658    .text               mc_w.l(memseta.o)
    0x080001e4   0x080001e4   0x000000b0   Code   RO         1923    .text               mf_w.l(fadd.o)
    0x08000294   0x08000294   0x00000064   Code   RO         1925    .text               mf_w.l(fmul.o)
    0x080002f8   0x080002f8   0x0000007c   Code   RO         1927    .text               mf_w.l(fdiv.o)
    0x08000374   0x08000374   0x0000014e   Code   RO         1929    .text               mf_w.l(dadd.o)
    0x080004c2   0x080004c2   0x000000e4   Code   RO         1931    .text               mf_w.l(dmul.o)
    0x080005a6   0x080005a6   0x000000de   Code   RO         1933    .text               mf_w.l(ddiv.o)
    0x08000684   0x08000684   0x00000012   Code   RO         1935    .text               mf_w.l(fflti.o)
    0x08000696   0x08000696   0x0000000a   Code   RO         1937    .text               mf_w.l(ffltui.o)
    0x080006a0   0x080006a0   0x00000022   Code   RO         1939    .text               mf_w.l(dflti.o)
    0x080006c2   0x080006c2   0x0000001a   Code   RO         1941    .text               mf_w.l(dfltui.o)
    0x080006dc   0x080006dc   0x00000032   Code   RO         1943    .text               mf_w.l(ffixi.o)
    0x0800070e   0x0800070e   0x0000003e   Code   RO         1945    .text               mf_w.l(dfixi.o)
    0x0800074c   0x0800074c   0x00000026   Code   RO         1947    .text               mf_w.l(f2d.o)
    0x08000772   0x08000772   0x00000038   Code   RO         1949    .text               mf_w.l(d2f.o)
    0x080007aa   0x080007aa   0x0000002c   Code   RO         1993    .text               mc_w.l(uidiv.o)
    0x080007d6   0x080007d6   0x00000062   Code   RO         1995    .text               mc_w.l(uldiv.o)
    0x08000838   0x08000838   0x0000001e   Code   RO         1997    .text               mc_w.l(llshl.o)
    0x08000856   0x08000856   0x00000020   Code   RO         1999    .text               mc_w.l(llushr.o)
    0x08000876   0x08000876   0x00000024   Code   RO         2001    .text               mc_w.l(llsshr.o)
    0x0800089a   0x0800089a   0x00000000   Code   RO         2010    .text               mc_w.l(iusefp.o)
    0x0800089a   0x0800089a   0x0000006e   Code   RO         2011    .text               mf_w.l(fepilogue.o)
    0x08000908   0x08000908   0x000000ba   Code   RO         2013    .text               mf_w.l(depilogue.o)
    0x080009c2   0x080009c2   0x00000030   Code   RO         2015    .text               mf_w.l(dfixul.o)
    0x080009f2   0x080009f2   0x00000002   PAD
    0x080009f4   0x080009f4   0x00000030   Code   RO         2017    .text               mf_w.l(cdcmple.o)
    0x08000a24   0x08000a24   0x00000030   Code   RO         2019    .text               mf_w.l(cdrcmple.o)
    0x08000a54   0x08000a54   0x00000024   Code   RO         2025    .text               mc_w.l(init.o)
    0x08000a78   0x08000a78   0x0000002e   Code   RO         2027    .text               mf_w.l(dscalb.o)
    0x08000aa6   0x08000aa6   0x0000003a   Code   RO         2037    .text               mc_w.l(__dczerorl.o)
    0x08000ae0   0x08000ae0   0x00000094   Code   RO         1455    i.App_Car_Control   app_car.o
    0x08000b74   0x08000b74   0x000000e0   Code   RO         1456    i.App_Car_GetAngle_Encoder  app_car.o
    0x08000c54   0x08000c54   0x00000018   Code   RO         1457    i.App_Car_Init      app_car.o
    0x08000c6c   0x08000c6c   0x000000dc   Code   RO         1458    i.App_Car_OLED      app_car.o
    0x08000d48   0x08000d48   0x00000278   Code   RO         1496    i.Com_Filter_Kalman  com_filter.o
    0x08000fc0   0x08000fc0   0x00000042   Code   RO         1515    i.Com_PID_Balance   com_pid.o
    0x08001002   0x08001002   0x00000016   Code   RO         1516    i.Com_PID_Turn      com_pid.o
    0x08001018   0x08001018   0x000000d8   Code   RO         1517    i.Com_PID_Velocity  com_pid.o
    0x080010f0   0x080010f0   0x00000104   Code   RO         1150    i.Dri_ADC1_Init     dri_adc.o
    0x080011f4   0x080011f4   0x00000068   Code   RO         1151    i.Dri_ADC1_ReadV    dri_adc.o
    0x0800125c   0x0800125c   0x00000014   Code   RO         1082    i.Dri_I2C_ACK       dri_i2c.o
    0x08001270   0x08001270   0x0000007c   Code   RO         1083    i.Dri_I2C_Init      dri_i2c.o
    0x080012ec   0x080012ec   0x00000014   Code   RO         1084    i.Dri_I2C_NACK      dri_i2c.o
    0x08001300   0x08001300   0x0000002c   Code   RO         1085    i.Dri_I2C_ReadByte  dri_i2c.o
    0x0800132c   0x0800132c   0x00000034   Code   RO         1086    i.Dri_I2C_SendAddr  dri_i2c.o
    0x08001360   0x08001360   0x00000034   Code   RO         1087    i.Dri_I2C_Start     dri_i2c.o
    0x08001394   0x08001394   0x00000014   Code   RO         1088    i.Dri_I2C_Stop      dri_i2c.o
    0x080013a8   0x080013a8   0x00000048   Code   RO         1089    i.Dri_I2C_Transmit  dri_i2c.o
    0x080013f0   0x080013f0   0x00000048   Code   RO         1034    i.Dri_SPI_Init      dri_spi.o
    0x08001438   0x08001438   0x00000064   Code   RO         1035    i.Dri_SPI_WriteByte  dri_spi.o
    0x0800149c   0x0800149c   0x00000114   Code   RO         1057    i.Dri_TIM4_Init     dri_tim.o
    0x080015b0   0x080015b0   0x00000058   Code   RO         1290    i.Driver_USART1_Init  driver_usart.o
    0x08001608   0x08001608   0x0000001c   Code   RO         1293    i.Driver_USART1_SendChar  driver_usart.o
    0x08001624   0x08001624   0x00000030   Code   RO         1339    i.FreeRTOS_Start    app_task.o
    0x08001654   0x08001654   0x00000044   Code   RO         1564    i.Inf_MPU6050_GetAccl  inf_mpu6050.o
    0x08001698   0x08001698   0x00000044   Code   RO         1565    i.Inf_MPU6050_GetGyro  inf_mpu6050.o
    0x080016dc   0x080016dc   0x0000006c   Code   RO         1566    i.Inf_MPU6050_Init  inf_mpu6050.o
    0x08001748   0x08001748   0x00000032   Code   RO         1567    i.Inf_MPU6050_ReadByte  inf_mpu6050.o
    0x0800177a   0x0800177a   0x00000050   Code   RO         1568    i.Inf_MPU6050_ReadStr  inf_mpu6050.o
    0x080017ca   0x080017ca   0x00000024   Code   RO         1569    i.Inf_MPU6050_WriteByte  inf_mpu6050.o
    0x080017ee   0x080017ee   0x00000010   Code   RO         1571    i.Inf_MPU_Set_Accel_Fsr  inf_mpu6050.o
    0x080017fe   0x080017fe   0x00000010   Code   RO         1572    i.Inf_MPU_Set_Gyro_Fsr  inf_mpu6050.o
    0x0800180e   0x0800180e   0x0000003a   Code   RO         1573    i.Inf_MPU_Set_LPF   inf_mpu6050.o
    0x08001848   0x08001848   0x0000003c   Code   RO         1574    i.Inf_MPU_Set_Rate  inf_mpu6050.o
    0x08001884   0x08001884   0x00000030   Code   RO         1180    i.Inf_OLED1315_Clear  inf_oled1315.o
    0x080018b4   0x080018b4   0x00000078   Code   RO         1183    i.Inf_OLED1315_DrawPoint  inf_oled1315.o
    0x0800192c   0x0800192c   0x0000015c   Code   RO         1184    i.Inf_OLED1315_Init  inf_oled1315.o
    0x08001a88   0x08001a88   0x0000004c   Code   RO         1185    i.Inf_OLED1315_Refresh  inf_oled1315.o
    0x08001ad4   0x08001ad4   0x0000013c   Code   RO         1186    i.Inf_OLED1315_ShowChar  inf_oled1315.o
    0x08001c10   0x08001c10   0x0000004a   Code   RO         1187    i.Inf_OLED1315_ShowString  inf_oled1315.o
    0x08001c5a   0x08001c5a   0x00000002   PAD
    0x08001c5c   0x08001c5c   0x0000003c   Code   RO         1188    i.Inf_OLED1315_WR_Byte  inf_oled1315.o
    0x08001c98   0x08001c98   0x0000003c   Code   RO         1250    i.Inf_TB6612_Init   inf_tb6612.o
    0x08001cd4   0x08001cd4   0x00000058   Code   RO         1251    i.Inf_TB6612_MotorA  inf_tb6612.o
    0x08001d2c   0x08001d2c   0x00000058   Code   RO         1252    i.Inf_TB6612_MotorB  inf_tb6612.o
    0x08001d84   0x08001d84   0x00000050   Code   RO         1253    i.Inf_TB6612_SetPWM  inf_tb6612.o
    0x08001dd4   0x08001dd4   0x00000008   Code   RO           17    i.SetSysClock       system_stm32f10x.o
    0x08001ddc   0x08001ddc   0x000000e0   Code   RO           18    i.SetSysClockTo72   system_stm32f10x.o
    0x08001ebc   0x08001ebc   0x00000080   Code   RO         1340    i.Start_Task        app_task.o
    0x08001f3c   0x08001f3c   0x00000010   Code   RO         1341    i.SysTick_Handler   app_task.o
    0x08001f4c   0x08001f4c   0x00000060   Code   RO           20    i.SystemInit        system_stm32f10x.o
    0x08001fac   0x08001fac   0x00000050   Code   RO         1342    i.Task1             app_task.o
    0x08001ffc   0x08001ffc   0x0000003c   Code   RO         1343    i.Task2             app_task.o
    0x08002038   0x08002038   0x00000034   Code   RO         1344    i.Task3             app_task.o
    0x0800206c   0x0800206c   0x00000020   Code   RO         1895    i.__0printf         mc_w.l(printfa.o)
    0x0800208c   0x0800208c   0x00000028   Code   RO         1897    i.__0sprintf        mc_w.l(printfa.o)
    0x080020b4   0x080020b4   0x00000028   Code   RO         2021    i.__ARM_fpclassify  m_ws.l(fpclassify.o)
    0x080020dc   0x080020dc   0x000000aa   Code   RO         2023    i.__kernel_poly     m_ws.l(poly.o)
    0x08002186   0x08002186   0x00000006   Code   RO         1962    i.__mathlib_dbl_infnan  m_ws.l(dunder.o)
    0x0800218c   0x0800218c   0x00000004   Code   RO         1963    i.__mathlib_dbl_infnan2  m_ws.l(dunder.o)
    0x08002190   0x08002190   0x00000010   Code   RO         1967    i.__mathlib_dbl_underflow  m_ws.l(dunder.o)
    0x080021a0   0x080021a0   0x0000000e   Code   RO         2031    i.__scatterload_copy  mc_w.l(handlers.o)
    0x080021ae   0x080021ae   0x00000002   Code   RO         2032    i.__scatterload_null  mc_w.l(handlers.o)
    0x080021b0   0x080021b0   0x0000000e   Code   RO         2033    i.__scatterload_zeroinit  mc_w.l(handlers.o)
    0x080021be   0x080021be   0x00000002   PAD
    0x080021c0   0x080021c0   0x0000000c   Code   RO         2005    i.__set_errno       mc_w.l(errno.o)
    0x080021cc   0x080021cc   0x00000184   Code   RO         1902    i._fp_digits        mc_w.l(printfa.o)
    0x08002350   0x08002350   0x000006b4   Code   RO         1903    i._printf_core      mc_w.l(printfa.o)
    0x08002a04   0x08002a04   0x00000024   Code   RO         1904    i._printf_post_padding  mc_w.l(printfa.o)
    0x08002a28   0x08002a28   0x0000002e   Code   RO         1905    i._printf_pre_padding  mc_w.l(printfa.o)
    0x08002a56   0x08002a56   0x0000000a   Code   RO         1907    i._sputc            mc_w.l(printfa.o)
    0x08002a60   0x08002a60   0x00000220   Code   RO         1952    i.atan              m_ws.l(atan.o)
    0x08002c80   0x08002c80   0x0000019c   Code   RO         1646    i.atan2             m_ws.l(atan2.o)
    0x08002e1c   0x08002e1c   0x0000001c   Code   RO         1575    i.for_delay_ms      inf_mpu6050.o
    0x08002e38   0x08002e38   0x00000010   Code   RO         1295    i.fputc             driver_usart.o
    0x08002e48   0x08002e48   0x00000098   Code   RO           65    i.main              main.o
    0x08002ee0   0x08002ee0   0x000000c0   Code   RO          590    i.prvAddCurrentTaskToDelayedList  tasks.o
    0x08002fa0   0x08002fa0   0x000000e4   Code   RO          591    i.prvAddNewTaskToReadyList  tasks.o
    0x08003084   0x08003084   0x00000048   Code   RO          592    i.prvCheckTasksWaitingTermination  tasks.o
    0x080030cc   0x080030cc   0x00000012   Code   RO          593    i.prvDeleteTCB      tasks.o
    0x080030de   0x080030de   0x00000002   PAD
    0x080030e0   0x080030e0   0x00000070   Code   RO          902    i.prvHeapInit       heap_4.o
    0x08003150   0x08003150   0x00000028   Code   RO          594    i.prvIdleTask       tasks.o
    0x08003178   0x08003178   0x0000007a   Code   RO          595    i.prvInitialiseNewTask  tasks.o
    0x080031f2   0x080031f2   0x00000002   PAD
    0x080031f4   0x080031f4   0x00000068   Code   RO          596    i.prvInitialiseTaskLists  tasks.o
    0x0800325c   0x0800325c   0x00000068   Code   RO          903    i.prvInsertBlockIntoFreeList  heap_4.o
    0x080032c4   0x080032c4   0x00000030   Code   RO          597    i.prvResetNextTaskUnblockTime  tasks.o
    0x080032f4   0x080032f4   0x00000016   Code   RO          964    i.prvTaskExitError  port.o
    0x0800330a   0x0800330a   0x00000002   PAD
    0x0800330c   0x0800330c   0x000000e4   Code   RO          905    i.pvPortMalloc      heap_4.o
    0x080033f0   0x080033f0   0x00000024   Code   RO          965    i.pxPortInitialiseStack  port.o
    0x08003414   0x08003414   0x00000088   Code   RO          599    i.ulTaskGenericNotifyTake  tasks.o
    0x0800349c   0x0800349c   0x00000028   Code   RO          271    i.uxListRemove      list.o
    0x080034c4   0x080034c4   0x0000001a   Code   RO          272    i.vListInitialise   list.o
    0x080034de   0x080034de   0x00000006   Code   RO          273    i.vListInitialiseItem  list.o
    0x080034e4   0x080034e4   0x00000034   Code   RO          274    i.vListInsert       list.o
    0x08003518   0x08003518   0x00000018   Code   RO          275    i.vListInsertEnd    list.o
    0x08003530   0x08003530   0x00000024   Code   RO          967    i.vPortEnterCritical  port.o
    0x08003554   0x08003554   0x00000020   Code   RO          968    i.vPortExitCritical  port.o
    0x08003574   0x08003574   0x0000004c   Code   RO          906    i.vPortFree         heap_4.o
    0x080035c0   0x080035c0   0x00000018   Code   RO          969    i.vPortSetupTimerInterrupt  port.o
    0x080035d8   0x080035d8   0x000000d4   Code   RO          606    i.vTaskDelete       tasks.o
    0x080036ac   0x080036ac   0x0000006c   Code   RO          617    i.vTaskStartScheduler  tasks.o
    0x08003718   0x08003718   0x00000010   Code   RO          619    i.vTaskSuspendAll   tasks.o
    0x08003728   0x08003728   0x00000060   Code   RO          620    i.vTaskSwitchContext  tasks.o
    0x08003788   0x08003788   0x00000034   Code   RO          970    i.xPortStartScheduler  port.o
    0x080037bc   0x080037bc   0x00000034   Code   RO          971    i.xPortSysTickHandler  port.o
    0x080037f0   0x080037f0   0x00000068   Code   RO          623    i.xTaskCreate       tasks.o
    0x08003858   0x08003858   0x00000074   Code   RO          624    i.xTaskDelayUntil   tasks.o
    0x080038cc   0x080038cc   0x0000014c   Code   RO          625    i.xTaskGenericNotify  tasks.o
    0x08003a18   0x08003a18   0x00000020   Code   RO          630    i.xTaskGetSchedulerState  tasks.o
    0x08003a38   0x08003a38   0x0000000c   Code   RO          631    i.xTaskGetTickCount  tasks.o
    0x08003a44   0x08003a44   0x00000190   Code   RO          633    i.xTaskIncrementTick  tasks.o
    0x08003bd4   0x08003bd4   0x0000015c   Code   RO          635    i.xTaskResumeAll    tasks.o
    0x08003d30   0x08003d30   0x00001e10   Data   RO         1190    .constdata          inf_oled1315.o
    0x08005b40   0x08005b40   0x00000098   Data   RO         1953    .constdata          m_ws.l(atan.o)
    0x08005bd8   0x08005bd8   0x00000008   Data   RO         1975    .constdata          m_ws.l(qnan.o)
    0x08005be0   0x08005be0   0x00000020   Data   RO         2029    Region$$Table       anon$$obj.o


    Execution Region RW_IRAM1 (Exec base: 0x20000000, Load base: 0x08005c00, Size: 0x000048a8, Max: 0x00005000, ABSOLUTE, COMPRESSED[0x0000003c])

    Exec Addr    Load Addr    Size         Type   Attr      Idx    E Section Name        Object

    0x20000000   COMPRESSED   0x00000040   Data   RW          638    .data               tasks.o
    0x20000040   COMPRESSED   0x0000001c   Data   RW          912    .data               heap_4.o
    0x2000005c   COMPRESSED   0x00000004   Data   RW          972    .data               port.o
    0x20000060   COMPRESSED   0x00000010   Data   RW         1345    .data               app_task.o
    0x20000070   COMPRESSED   0x00000059   Data   RW         1459    .data               app_car.o
    0x200000c9   COMPRESSED   0x00000003   PAD
    0x200000cc   COMPRESSED   0x00000054   Data   RW         1498    .data               com_filter.o
    0x20000120   COMPRESSED   0x00000008   Data   RW         1518    .data               com_pid.o
    0x20000128   COMPRESSED   0x00000004   Data   RW         1992    .data               mc_w.l(stdout.o)
    0x2000012c   COMPRESSED   0x00000004   Data   RW         2006    .data               mc_w.l(errno.o)
    0x20000130        -       0x000002e4   Zero   RW          637    .bss                tasks.o
    0x20000414        -       0x00003c00   Zero   RW          911    .bss                heap_4.o
    0x20004014        -       0x00000480   Zero   RW         1189    .bss                inf_oled1315.o
    0x20004494        -       0x00000010   Zero   RW         1497    .bss                com_filter.o
    0x200044a4   COMPRESSED   0x00000004   PAD
    0x200044a8        -       0x00000400   Zero   RW           58    STACK               startup_stm32f10x_md.o


==============================================================================

Image component sizes


      Code (inc. data)   RO Data    RW Data    ZI Data      Debug   Object Name

       616        152          0         89          0       2931   app_car.o
       384        148          0         16          0      14217   app_task.o
       632         74          0         84         16       1778   com_filter.o
       304         26          0          8          0       2132   com_pid.o
         0          0          0          0          0       4556   core_cm3.o
         0          0          0          0          0       8104   croutine.o
       364         28          0          0          0       1017   dri_adc.o
       404         50          0          0          0       3972   dri_i2c.o
       172         22          0          0          0        975   dri_spi.o
       276         12          0          0          0        500   dri_tim.o
       132         18          0          0          0       3186   driver_usart.o
         0          0          0          0          0       2504   event_groups.o
       520         58          0         28      15360       4679   heap_4.o
       588          4          0          0          0       7131   inf_mpu6050.o
      1042         54       7696          0       1152       6306   inf_oled1315.o
       316         34          0          0          0       2074   inf_tb6612.o
       148          0          0          0          0       3342   list.o
       152         60          0          0          0     203719   main.o
       404         48          0          4          0       9092   port.o
        36          8        236          0       1024        776   startup_stm32f10x_md.o
       328         28          0          0          0       1973   system_stm32f10x.o
      2736        348          0         64        740      30018   tasks.o

    ----------------------------------------------------------------------
      9564       1172       7964        296      18296     314982   Object Totals
         0          0         32          0          0          0   (incl. Generated)
        10          0          0          3          4          0   (incl. Padding)

    ----------------------------------------------------------------------

      Code (inc. data)   RO Data    RW Data    ZI Data      Debug   Library Member Name

       544         70        152          0          0        124   atan.o
       412         38          0          0          0        144   atan2.o
        26          6          0          0          0        204   dunder.o
        40          0          0          0          0         68   fpclassify.o
       170          0          0          0          0         96   poly.o
         0          0          8          0          0          0   qnan.o
        58          0          0          0          0          0   __dczerorl.o
         0          0          0          0          0          0   entry.o
         0          0          0          0          0          0   entry10a.o
         0          0          0          0          0          0   entry11a.o
         4          0          0          0          0          0   entry12b.o
         8          4          0          0          0          0   entry2.o
         4          0          0          0          0          0   entry5.o
         0          0          0          0          0          0   entry7b.o
         0          0          0          0          0          0   entry8b.o
         8          4          0          0          0          0   entry9a.o
        12          6          0          4          0         68   errno.o
        30          0          0          0          0          0   handlers.o
        36          8          0          0          0         68   init.o
         0          0          0          0          0          0   iusefp.o
        30          0          0          0          0         68   llshl.o
        36          0          0          0          0         68   llsshr.o
        32          0          0          0          0         68   llushr.o
        36          0          0          0          0        108   memseta.o
      2268         96          0          0          0        616   printfa.o
         0          0          0          4          0          0   stdout.o
        44          0          0          0          0         80   uidiv.o
        98          0          0          0          0         92   uldiv.o
        48          0          0          0          0         68   cdcmple.o
        48          0          0          0          0         68   cdrcmple.o
        56          0          0          0          0         88   d2f.o
       334          0          0          0          0        148   dadd.o
       222          0          0          0          0        100   ddiv.o
       186          0          0          0          0        176   depilogue.o
        62          0          0          0          0         80   dfixi.o
        48          0          0          0          0         68   dfixul.o
        34          0          0          0          0         76   dflti.o
        26          0          0          0          0         76   dfltui.o
       228          0          0          0          0         96   dmul.o
        46          0          0          0          0         80   dscalb.o
        38          0          0          0          0         68   f2d.o
       176          0          0          0          0        140   fadd.o
       124          0          0          0          0         88   fdiv.o
       110          0          0          0          0        168   fepilogue.o
        50          0          0          0          0         68   ffixi.o
        18          0          0          0          0         68   fflti.o
        10          0          0          0          0         68   ffltui.o
       100          0          0          0          0         76   fmul.o

    ----------------------------------------------------------------------
      5864        232        160          8          0       3740   Library Totals
         4          0          0          0          0          0   (incl. Padding)

    ----------------------------------------------------------------------

      Code (inc. data)   RO Data    RW Data    ZI Data      Debug   Library Name

      1192        114        160          0          0        636   m_ws.l
      2704        118          0          8          0       1236   mc_w.l
      1964          0          0          0          0       1868   mf_w.l

    ----------------------------------------------------------------------
      5864        232        160          8          0       3740   Library Totals

    ----------------------------------------------------------------------

==============================================================================


      Code (inc. data)   RO Data    RW Data    ZI Data      Debug   

     15428       1404       8124        304      18296     312194   Grand Totals
     15428       1404       8124         60      18296     312194   ELF Image Totals (compressed)
     15428       1404       8124         60          0          0   ROM Totals

==============================================================================

    Total RO  Size (Code + RO Data)                23552 (  23.00kB)
    Total RW  Size (RW Data + ZI Data)             18600 (  18.16kB)
    Total ROM Size (Code + RO Data + RW Data)      23612 (  23.06kB)

==============================================================================

